boardfarm_uefi@BoardFarm:~ $ clear
boardfarm_uefi@BoardFarm:~ $ sudo minicom -b 115200 -D /dev/ttyUSB1

 LS1046FRWY
 Cortex-A72                                          1.60 GHz
 NXP21.08_Dyn                                        30719 MB RAM



   Select Language            <Standard English>         Reset

 > Device Manager
 > Boot Manager
 > Boot Maintenance Manager

   Continue
   Reset



                                                                               OTICE:  Fixed DDR on board

NOTICE:  4 GB DDR4, 64-bit, CL=15, ECC on
NOTICE:  BL2: v2.4(release):LSDK-21.08-0-g340b20bcb
NOTICE:  BL2: Built : 12:10:16, Feb 21 2022try
NOTICE:  BL2: Booting BL31
NOTICE:  BL31: v2.4(release):LSDK-21.08-0-g340b20bcb
NOTICE:  BL31: Built : 12:11:03, Feb 21 2022
NOTICE:  Welcome to ls1046afrwy BL31 Phase

UEFI firmware built at 11:55:17 on Feb 21 2022. version:
NXP21.08_Dyn
Clock Configuration:
      CPU0(A72):1600 MHz  CPU1(A72):1600 MHz  CPU2(A72):1600 MHz
      CPU3(A72):1600 MHz
      Bus:      600  MHz  DDR:      2100 MT/s
      FMAN:     700  MHz
Reset Configuration Word (RCW):
       00000000: 0C150010 0E000000 00000000 00000000
       00000010: 30400506 00800012 40025000 C1000000
       00000020: 00000000 00000000 00000000 00038800
       00000030: 20044100 24003101 00000096 00000001
SOC: LS1046AE Rev1.0 (0x87070010)
Board: LS1046AFRWY, Rev: B UEFI firmware (version NXP21.08_Dyn built at 11:58:42 on Feb 21 2022)
Flash Size = 67108864
Page Program Size = 256
Erase Size = 4096
Erase Timeout = 480000
Page Program Timeout = 40000
Could not get IORT table Ptr
Using SERDES1 Protocol: 12352 (0x3040)
Protocol: 3040 Matched with the one in Table
Successfully configured SerDes module!!
Using SERDES2 Protocol: 1286 (0x506)
Protocol: 506 Matched with the one in Table
Successfully configured SerDes module!!
PCIE1 is disabled
Using SERDES1 Protocol: 12352 (0x3040)
Protocol: 3040 Matched with the one in Table
Successfully configured SerDes module!!
Using SERDES2 Protocol: 1286 (0x506)
Protocol: 506 Matched with the one in Table
Successfully configured SerDes module!!
PCIE2 is Enabled
missing iommu-map for pcie@3500000
 Pcie Link error. LTSSM=0x 1
 Pcie Link error. LTSSM=0x 0
no link, regs @ 0x3500000
Using SERDES1 Protocol: 12352 (0x3040)
Protocol: 3040 Matched with the one in Table
Successfully configured SerDes module!!
Using SERDES2 Protocol: 1286 (0x506)
Protocol: 506 Matched with the one in Table
Successfully configured SerDes module!!
PCIE3 is Enabled
missing iommu-map for pcie@3600000
PCIE3 Passed Linkup Phase
PCIe: CFG Shit Method Enabled
RootBridge: PcieRoot(0x2)
  Support/Attr: 70009 / 70009
    DmaAbove4G: Yes
NoExtConfSpace: No
     AllocAttr: 3 (CombineMemPMem Mem64Decode)
           Bus: 0 - FF Translation=0
            Io: 0 - FFFF Translation=FFFFFFFFFFFE0000
           Mem: 40000000 - FFFFFFFF Translation=FFFFFFB000000000
UEFI Interactive Shell v2.2
EDK II
UEFI v2.70 (EDK II, 0x00010000)
Mapping table
      FS0: Alias(s):HD1a0b:;BLK3:
          VenHw(0D51905B-B77E-452A-A2C0-ECA0CC8D514A,0000F0020000000000)/USB(0x0
,0x0)/HD(1,MBR,0x004455C6,0x800,0xEE8400)
     BLK0: Alias(s):
          SD(0xCA)
     BLK2: Alias(s):
          VenHw(0D51905B-B77E-452A-A2C0-ECA0CC8D514A,0000F0020000000000)/USB(0x0
,0x0)
     BLK1: Alias(s):
          SD(0xCA)/HD(1,MBR,0x08DBD34B,0x800,0x3B71C00)
Press ESC in 5 seconds to skip startup.nsh or any other key to continue.
Shell> fs0:
FS0:\> ls
Directory of: FS0:\
12/15/2021  12:17 <DIR>         4,096  (null).bak4021268002
12/15/2021  12:18 <DIR>         4,096  Devel
12/15/2021  12:18 <DIR>         4,096  Kernel_image_v5.10
12/15/2021  12:18 <DIR>         4,096  Kernel_image_v5.11_new
12/15/2021  12:18 <DIR>         4,096  Kernel_image_v5.14
12/15/2021  12:18 <DIR>         4,096  Linux kernel
12/15/2021  12:19 <DIR>         4,096  linuxpd
12/15/2021  12:30 <DIR>         4,096  NXP_Linux_Kernel_Rootfs
12/15/2021  12:30 <DIR>         4,096  r8168-8.049.02
12/15/2021  12:30 <DIR>         4,096  Release
12/21/2021  09:09 <DIR>         4,096  sysfirmwarefolder
11/23/2021  21:44               1,505  (null).bak4021268130
11/23/2021  21:31                   0  (null).bak4031188514
09/13/2021  06:32                 148  boot_ls1046.nsh
10/06/2021  11:34                 110  boot_ls1046_v5.14.nsh
10/12/2021  12:41                 105  boot_lx2160_v5_11.nsh
10/06/2021  12:25                 130  boot_lx2160_v5_14.nsh
10/14/2021  08:42                 119  boot_nxp_linux_lx2160.nsh
10/14/2021  11:39                 103  boot_nxp_linux_lx2160_2.nsh
01/31/2016  11:55              22,762  DSDT0000.bin
10/06/2021  07:45          33,192,448  Image_5_14
10/08/2021  06:18          34,904,576  Image_v5_10
10/08/2021  07:30          35,052,032  Image_v5_11
02/15/2017  08:56          31,126,016  Linux_Kernel_Image
10/14/2021  08:14          36,950,528  NXP_LSDK_20_12_Linux_Image
02/15/2017  08:56           7,839,744  rootfs.cpio
09/24/2021  16:08          669,055,530  rootfs_lsdk2004_ubuntu_main_arm64.cpio.g
z
10/14/2021  17:17          707,398,281  rootfs_lsdk2012.cpio.gz
12/21/2021  15:00              31,372  sysfirmwarefolder.zip
01/06/2022  11:59 <DIR>         4,096  Kernel_image_v5.13
01/06/2022  11:59 <DIR>         4,096  Kernel_image_reverted_v5.13
01/06/2022  12:01          36,321,792  Image_v_1_13
01/06/2022  12:01          36,321,792  Image_v_1_13_rev
02/06/2012  07:19                  84  boot_lx2160_v5_13_rev.nsh
02/06/2012  07:25                 106  boot_lx2160_v5_13.nsh
04/09/2020  15:50                  68  boot_lx2160_v5_10.nsh
12/10/2016  19:32                 106  boot_lx2160.nsh
12/11/2020  05:16          36,950,528  Image
02/11/2022  13:53          678,745,131  rootfs_lsdk2012_ubuntu_main_arm64.tgz
02/11/2022  14:03                  89  nexcom.nsh
         27 File(s)  2,343,915,205 bytes
         13 Dir(s)
FS0:\> boot_ls1046.nsh
FS0:\> Linux_Kernel_Image acpi=force initrd=rootfs_lsdk2004_ubuntu_main_arm64.cp
io.gz earlycon=uart8250,mmio,0x21c0500 console=ttyS0,115200 root=/dev/ram0
EFI stub: Booting Linux Kernel...
NOTICE:  RNG: INSTANTIATED
EFI stub: Generating empty DTB
EFI stub: Exiting boot services and installing virtual address map...
[    0.000000] Booting Linux on physical CPU 0x0000000000 [0x410fd082]
[    0.000000] Linux version 5.6.0-00006-g47460fc92ac6 (ar@AnjanaR-LP) (gcc version 7.5.0 (Linaro GCC 7.5-2019.12)) #3 SMP PREEMPT Sat May 15 10:19:13 IST 201
[    0.000000] earlycon: uart8250 at MMIO 0x00000000021c0500 (options '')
[    0.000000] printk: bootconsole [uart8250] enabled
[    0.000000] efi: Getting EFI parameters from FDT:
[    0.000000] efi: EFI v2.70 by EDK II
[    0.000000] efi:  ACPI 2.0=0xf02a0000  SMBIOS=0xfadc0000  SMBIOS 3.0=0xfada0000  MEMATTR=0xfa194018  ESRT=0xfa19cc98  MEMRESERVE=0xf02b0018
[    0.000000] esrt: Reserving ESRT space from 0x00000000fa19cc98 to 0x00000000fa19ccd0.
[    0.000000] cma: Reserved 256 MiB at 0x00000000df000000
[    0.000000] ACPI: Early table checksum verification disabled
[    0.000000] ACPI: RSDP 0x00000000F02A0000 000024 (v02 NXP   )
[    0.000000] ACPI: XSDT 0x00000000F0290000 00005C (v01 NXP    LS1046   00000000      01000013)
[    0.000000] ACPI: FACP 0x00000000F00A0000 000114 (v06 NXP    LS1046   00000000 ARMH 00010000)
[    0.000000] ACPI: DSDT 0x00000000EF900000 0052DC (v02 NXP    LS1046   00000000 INTL 20190509)
[    0.000000] ACPI: GTDT 0x00000000F0090000 000068 (v02 NXP    LS1046   00000000 ARMH 00010000)
[    0.000000] ACPI: APIC 0x00000000F0080000 000184 (v04 NXP    LS1046   00000000 ARMH 00010000)
[    0.000000] ACPI: SPCR 0x00000000F0070000 000050 (v02 NXP    LS1046   00000000 ARMH 00010000)
[    0.000000] ACPI: DBG2 0x00000000F0060000 00005C (v00 NXP    LS1046   00000000 ARMH 00010000)
[    0.000000] ACPI: IORT 0x00000000EF920000 0002EF (v00 NXP    LS1046   00000000 ARMH 00010000)
[    0.000000] ACPI: MCFG 0x00000000EF910000 00004C (v01 NXP    LS1046   00000000 ARMH 00010000)
[    0.000000] ACPI: SPCR: console: uart,mmio,0x21c0500,115200
[    0.000000] ACPI: NUMA: Failed to initialise from firmware
[    0.000000] NUMA: Faking a node at [mem 0x0000000080000000-0x00000008ffffffff]
[    0.000000] NUMA: NODE_DATA [mem 0x8d7a0d100-0x8d7a0efff]
[    0.000000] Zone ranges:
[    0.000000]   DMA      [mem 0x0000000080000000-0x00000000bfffffff]
[    0.000000]   DMA32    [mem 0x00000000c0000000-0x00000000ffffffff]
[    0.000000]   Normal   [mem 0x0000000100000000-0x00000008ffffffff]
[    0.000000] Movable zone start for each node
[    0.000000] Early memory node ranges
[    0.000000]   node   0: [mem 0x0000000080000000-0x00000000ef11ffff]
[    0.000000]   node   0: [mem 0x00000000ef120000-0x00000000ef19ffff]
[    0.000000]   node   0: [mem 0x00000000ef1a0000-0x00000000ef1a1fff]
[    0.000000]   node   0: [mem 0x00000000ef1a2000-0x00000000ef364fff]
[    0.000000]   node   0: [mem 0x00000000ef365000-0x00000000efb8ffff]
[    0.000000]   node   0: [mem 0x00000000efb90000-0x00000000f005ffff]
[    0.000000]   node   0: [mem 0x00000000f0060000-0x00000000f00affff]
[    0.000000]   node   0: [mem 0x00000000f00b0000-0x00000000f028ffff]
[    0.000000]   node   0: [mem 0x00000000f0290000-0x00000000fad8ffff]
[    0.000000]   node   0: [mem 0x00000000fad90000-0x00000000faddffff]
[    0.000000]   node   0: [mem 0x00000000fade0000-0x00000000fbdfffff]
[    0.000000]   node   0: [mem 0x0000000880000000-0x00000008ffffffff]
[    0.000000] Zeroed struct page in unavailable ranges: 414 pages
[    0.000000] Initmem setup node 0 [mem 0x0000000080000000-0x00000008ffffffff]
[    0.000000] psci: probing for conduit method from ACPI.
[    0.000000] psci: PSCIv1.1 detected in firmware.
[    0.000000] psci: Using standard PSCI v0.2 function IDs
[    0.000000] psci: MIGRATE_INFO_TYPE not supported.
[    0.000000] psci: SMC Calling Convention v1.0
[    0.000000] ACPI: SRAT not present
[    0.000000] percpu: Embedded 23 pages/cpu s53848 r8192 d32168 u94208
[    0.000000] Detected PIPT I-cache on CPU0
[    0.000000] CPU features: detected: EL2 vector hardening
[    0.000000] CPU features: kernel page table isolation forced ON by KASLR
[    0.000000] CPU features: detected: Kernel page table isolation (KPTI)
[    0.000000] ARM_SMCCC_ARCH_WORKAROUND_1 missing from firmware
[    0.000000] CPU features: detected: ARM erratum 1319367
[    0.000000] Built 1 zonelists, mobility grouping on.  Total pages: 1015560
[    0.000000] Policy zone: Normal
[    0.000000] Kernel command line: Linux_Kernel_Image acpi=force initrd=rootfs_lsdk2004_ubuntu_main_arm64.cpio.gz earlycon=uart8250,mmio,0x21c0500 console=t0
[    0.000000] Dentry cache hash table entries: 524288 (order: 10, 4194304 bytes, linear)
[    0.000000] Inode-cache hash table entries: 262144 (order: 9, 2097152 bytes, linear)
[    0.000000] mem auto-init: stack:off, heap alloc:off, heap free:off
[    0.000000] software IO TLB: mapped [mem 0xbbfff000-0xbffff000] (64MB)
[    0.000000] Memory: 3024156K/4126720K available (15164K kernel code, 2044K rwdata, 7616K rodata, 5504K init, 441K bss, 840420K reserved, 262144K cma-reser)
[    0.000000] rcu: Preemptible hierarchical RCU implementation.
[    0.000000] rcu:     RCU event tracing is enabled.
[    0.000000] rcu:     RCU restricting CPUs from NR_CPUS=16 to nr_cpu_ids=4.
[    0.000000]  Tasks RCU enabled.
[    0.000000] rcu: RCU calculated value of scheduler-enlistment delay is 25 jiffies.
[    0.000000] rcu: Adjusting geometry for rcu_fanout_leaf=16, nr_cpu_ids=4
[    0.000000] NR_IRQS: 64, nr_irqs: 64, preallocated irqs: 0
[    0.000000] GIC: Using split EOI/Deactivate mode
[    0.000000] random: get_random_bytes called from start_kernel+0x2a8/0x444 with crng_init=0
[    0.000000] arch_timer: cp15 timer(s) running at 25.00MHz (phys).
[    0.000000] clocksource: arch_sys_counter: mask: 0xffffffffffffff max_cycles: 0x5c40939b5, max_idle_ns: 440795202646 ns
[    0.000002] sched_clock: 56 bits at 25MHz, resolution 40ns, wraps every 4398046511100ns
[    0.008194] Console: colour dummy device 80x25
[    0.012671] ACPI: Core revision 20200110
[    0.016706] Calibrating delay loop (skipped), value calculated using timer frequency.. 50.00 BogoMIPS (lpj=100000)
[    0.027063] pid_max: default: 32768 minimum: 301
[    0.031734] LSM: Security Framework initializing
[    0.036420] Mount-cache hash table entries: 8192 (order: 4, 65536 bytes, linear)
[    0.043837] Mountpoint-cache hash table entries: 8192 (order: 4, 65536 bytes, linear)
[    0.052123] ACPI PPTT: No PPTT table found, CPU and cache topology may be inaccurate
[    0.091908] rcu: Hierarchical SRCU implementation.
[    0.104740] Remapping and enabling EFI services.
[    0.117368] smp: Bringing up secondary CPUs ...
[    0.154053] Detected PIPT I-cache on CPU1
[    0.154077] CPU1: Booted secondary processor 0x0000000001 [0x410fd082]
[    0.186067] Detected PIPT I-cache on CPU2
[    0.186083] CPU2: Booted secondary processor 0x0000000002 [0x410fd082]
[    0.218098] Detected PIPT I-cache on CPU3
[    0.218113] CPU3: Booted secondary processor 0x0000000003 [0x410fd082]
[    0.218145] smp: Brought up 1 node, 4 CPUs
[    0.253832] SMP: Total of 4 processors activated.
[    0.258535] CPU features: detected: 32-bit EL0 Support
[    0.263679] CPU features: detected: CRC32 instructions
[    0.277921] CPU: All CPU(s) started at EL2
[    0.282023] alternatives: patching kernel code
[    0.287046] devtmpfs: initialized
[    0.290717] KASLR enabled
[    0.293478] clocksource: jiffies: mask: 0xffffffff max_cycles: 0xffffffff, max_idle_ns: 7645041785100000 ns
[    0.303229] futex hash table entries: 1024 (order: 4, 65536 bytes, linear)
[    0.312683] xor: measuring software checksum speed
[    0.357509]    8regs     :  6782.000 MB/sec
[    0.401707]    32regs    :  6828.000 MB/sec
[    0.445906]    arm64_neon:  6694.000 MB/sec
[    0.450085] xor: using function: 32regs (6828.000 MB/sec)
[    0.455485] pinctrl core: initialized pinctrl subsystem
[    0.461088] thermal_sys: Registered thermal governor 'step_wise'
[    0.461090] thermal_sys: Registered thermal governor 'power_allocator'
[    0.467153] SMBIOS 3.3.0 present.
[    0.476991] DMI: NXP    LS1046FRWY, BIOS EDK 2 Feb 21 2022
[    0.482787] NET: Registered protocol family 16
[    0.487846] DMA: preallocated 256 KiB pool for atomic allocations
[    0.493946] audit: initializing netlink subsys (disabled)
[    0.499419] audit: type=2000 audit(0.428:1): state=initialized audit_enabled=0 res=1
[    0.507176] cpuidle: using governor menu
[    0.511204] hw-breakpoint: found 6 breakpoint and 4 watchpoint registers.
[    0.518026] ASID allocator initialised with 32768 entries
[    0.523623] ACPI: bus type PCI registered
[    0.527631] acpiphp: ACPI Hot Plug PCI Controller Driver version: 0.5
[    0.534206] Serial: AMBA PL011 UART driver
[    0.542384] HugeTLB registered 1.00 GiB page size, pre-allocated 0 pages
[    0.549090] HugeTLB registered 32.0 MiB page size, pre-allocated 0 pages
[    0.555792] HugeTLB registered 2.00 MiB page size, pre-allocated 0 pages
[    0.562493] HugeTLB registered 64.0 KiB page size, pre-allocated 0 pages
[    0.570721] cryptd: max_cpu_qlen set to 1000
[    0.643035] raid6: neonx8   gen()  4754 MB/s
[    0.715342] raid6: neonx8   xor()  3306 MB/s
[    0.787645] raid6: neonx4   gen()  4642 MB/s
[    0.859952] raid6: neonx4   xor()  3382 MB/s
[    0.932273] raid6: neonx2   gen()  4062 MB/s
[    1.004578] raid6: neonx2   xor()  3221 MB/s
[    1.076887] raid6: neonx1   gen()  3137 MB/s
[    1.149194] raid6: neonx1   xor()  2539 MB/s
[    1.221498] raid6: int64x8  gen()  2380 MB/s
[    1.293806] raid6: int64x8  xor()  1425 MB/s
[    1.366117] raid6: int64x4  gen()  2785 MB/s
[    1.438419] raid6: int64x4  xor()  1547 MB/s
[    1.510725] raid6: int64x2  gen()  2467 MB/s
[    1.583025] raid6: int64x2  xor()  1350 MB/s
[    1.655329] raid6: int64x1  gen()  1940 MB/s
[    1.727632] raid6: int64x1  xor()  1020 MB/s
[    1.731898] raid6: using algorithm neonx8 gen() 4754 MB/s
[    1.737293] raid6: .... xor() 3306 MB/s, rmw enabled
[    1.742255] raid6: using neon recovery algorithm
[    1.747019] ACPI: Added _OSI(Module Device)
[    1.751202] ACPI: Added _OSI(Processor Device)
[    1.755643] ACPI: Added _OSI(3.0 _SCP Extensions)
[    1.760344] ACPI: Added _OSI(Processor Aggregator Device)
[    1.765741] ACPI: Added _OSI(Linux-Dell-Video)
[    1.770183] ACPI: Added _OSI(Linux-Lenovo-NV-HDMI-Audio)
[    1.775493] ACPI: Added _OSI(Linux-HPI-Hybrid-Graphics)
[    1.786323] ACPI: 1 ACPI AML tables successfully acquired and loaded
[    1.804103] ACPI: Interpreter enabled
[    1.807764] ACPI: Using GIC for interrupt routing
[    1.812487] ACPI: MCFG table detected, 2 entries
[    1.828328] ACPI: Power Resource [FN1L] (off)
[    1.832768] ACPI: Power Resource [FN1H] (off)
[    1.837203] ACPI: Power Resource [FN2L] (off)
[    1.841640] ACPI: Power Resource [FN2H] (off)
[    1.846074] ACPI: Power Resource [FN3L] (off)
[    1.850510] ACPI: Power Resource [FN3H] (off)
[    1.854944] ACPI: Power Resource [FN4L] (off)
[    1.859379] ACPI: Power Resource [FN4H] (off)
[    1.863812] ACPI: Power Resource [FN5L] (off)
[    1.868248] ACPI: Power Resource [FN5H] (off)
[    1.874365] ACPI: PCI Root Bridge [PCI1] (domain 0001 [bus 01-ff])
[    1.880555] acpi PNP0A08:01: _OSC: OS supports [ExtendedConfig ASPM ClockPM Segments MSI HPX-Type3]
[    1.889858] acpi PNP0A08:01: _OSC: OS requested [PME AER PCIeCapability LTR]
[    1.896911] acpi PNP0A08:01: _OSC: platform willing to grant [PME AER PCIeCapability LTR]
[    1.905091] acpi PNP0A08:01: _OSC failed (AE_SUPPORT); disabling ASPM
[    1.911689] acpi PNP0A08:01: ECAM area [mem 0x4800100000-0x480fffffff] reserved by PNP0C02:00
[    1.923744] acpi PNP0A08:01: ECAM at [mem 0x4800100000-0x480fffffff] for [bus 01-ff]
[    1.931523] Remapped I/O 0x0000004810000000 to [io  0x0000-0xffff window]
[    1.938376] PCI host bridge to bus 0001:01
[    1.942474] pci_bus 0001:01: root bus resource [mem 0x4840000000-0x48ffffffff window] (bus address [0x40000000-0xffffffff])
[    1.953616] pci_bus 0001:01: root bus resource [mem 0x4c00000000-0x4fffffffff window]
[    1.961448] pci_bus 0001:01: root bus resource [io  0x0000-0xffff window]
[    1.968238] pci_bus 0001:01: root bus resource [bus 01-ff]
[    1.977030] pci_bus 0001:01: resource 4 [mem 0x4840000000-0x48ffffffff window]
[    1.984254] pci_bus 0001:01: resource 5 [mem 0x4c00000000-0x4fffffffff window]
[    1.991477] pci_bus 0001:01: resource 6 [io  0x0000-0xffff window]
[    1.997799] ACPI: PCI Root Bridge [PCI2] (domain 0002 [bus 01-ff])
[    2.003986] acpi PNP0A08:02: _OSC: OS supports [ExtendedConfig ASPM ClockPM Segments MSI HPX-Type3]
[    2.013282] acpi PNP0A08:02: _OSC: OS requested [PME AER PCIeCapability LTR]
[    2.020355] acpi PNP0A08:02: _OSC: platform willing to grant [PME AER PCIeCapability LTR]
[    2.028535] acpi PNP0A08:02: _OSC failed (AE_SUPPORT); disabling ASPM
[    2.035129] acpi PNP0A08:02: ECAM area [mem 0x5000100000-0x500fffffff] reserved by PNP0C02:00
[    2.047189] acpi PNP0A08:02: ECAM at [mem 0x5000100000-0x500fffffff] for [bus 01-ff]
[    2.054963] Remapped I/O 0x0000005010000000 to [io  0x10000-0x1ffff window]
[    2.061983] PCI host bridge to bus 0002:01
[    2.066081] pci_bus 0002:01: root bus resource [mem 0x5040000000-0x507fffffff window] (bus address [0x40000000-0x7fffffff])
[    2.077217] pci_bus 0002:01: root bus resource [mem 0x5400000000-0x57ffffffff window]
[    2.085049] pci_bus 0002:01: root bus resource [io  0x10000-0x1ffff window] (bus address [0x0000-0xffff])
[    2.094620] pci_bus 0002:01: root bus resource [bus 01-ff]
[    2.100129] pci 0002:01:00.0: [168c:003e] type 00 class 0x028000
[    2.106171] pci 0002:01:00.0: reg 0x10: [mem 0x5046000000-0x50461fffff 64bit]
[    2.113427] pci 0002:01:00.0: PME# supported from D0 D3hot D3cold
[    2.119699] pci 0002:01:00.0: BAR 0: assigned [mem 0x5400000000-0x54001fffff 64bit]
[    2.127370] pci_bus 0002:01: resource 4 [mem 0x5040000000-0x507fffffff window]
[    2.134594] pci_bus 0002:01: resource 5 [mem 0x5400000000-0x57ffffffff window]
[    2.141817] pci_bus 0002:01: resource 6 [io  0x10000-0x1ffff window]
[    2.154099] iommu: Default domain type: Passthrough
[    2.159160] vgaarb: loaded
[    2.162007] SCSI subsystem initialized
[    2.165885] ACPI: bus type USB registered
[    2.169936] usbcore: registered new interface driver usbfs
[    2.175439] usbcore: registered new interface driver hub
[    2.180776] usbcore: registered new device driver usb
[    2.186425] i2c i2c-0: IMX I2C adapter registered
[    2.191475] i2c i2c-1: IMX I2C adapter registered
[    2.196517] i2c i2c-2: IMX I2C adapter registered
[    2.201608] i2c i2c-3: IMX I2C adapter registered
[    2.206436] pps_core: LinuxPPS API ver. 1 registered
[    2.211408] pps_core: Software ver. 5.3.6 - Copyright 2005-2007 Rodolfo Giometti <giometti@linux.it>
[    2.220555] PTP clock support registered
[    2.224510] EDAC MC: Ver: 3.0.0
[    2.227806] Registered efivars operations
[    2.232188] FPGA manager framework
[    2.235619] Advanced Linux Sound Architecture Driver Initialized.
[    2.242059] clocksource: Switched to clocksource arch_sys_counter
[    2.248265] VFS: Disk quotas dquot_6.6.0
[    2.252218] VFS: Dquot-cache hash table entries: 512 (order 0, 4096 bytes)
[    2.259184] pnp: PnP ACPI init
[    2.262364] system 00:00: [mem 0x03400000-0x034fffff] has been reserved
[    2.269050] system 00:01: [mem 0x03500000-0x035fffff] has been reserved
[    2.275732] system 00:02: [mem 0x03600000-0x036fffff] has been reserved
[    2.282414] system 00:03: [mem 0x4000000000-0x400fffffff] has been reserved
[    2.289383] system 00:03: [mem 0x4800000000-0x480fffffff] could not be reserved
[    2.296697] system 00:03: [mem 0x5000000000-0x500fffffff] could not be reserved
[    2.304308] pnp: PnP ACPI: found 4 devices
[    2.311271] NET: Registered protocol family 2
[    2.315843] tcp_listen_portaddr_hash hash table entries: 2048 (order: 3, 32768 bytes, linear)
[    2.324404] TCP established hash table entries: 32768 (order: 6, 262144 bytes, linear)
[    2.332458] TCP bind hash table entries: 32768 (order: 7, 524288 bytes, linear)
[    2.340026] TCP: Hash tables configured (established 32768 bind 32768)
[    2.346602] UDP hash table entries: 2048 (order: 4, 65536 bytes, linear)
[    2.353355] UDP-Lite hash table entries: 2048 (order: 4, 65536 bytes, linear)
[    2.360594] NET: Registered protocol family 1
[    2.365145] RPC: Registered named UNIX socket transport module.
[    2.371075] RPC: Registered udp transport module.
[    2.375778] RPC: Registered tcp transport module.
[    2.380480] RPC: Registered tcp NFSv4.1 backchannel transport module.
[    2.386931] PCI: CLS 0 bytes, default 64
[    2.390919] Trying to unpack rootfs image as initramfs...
[   19.206844] Freeing initrd memory: 653372K
[   19.211203] hw perfevents: enabled with armv8_pmuv3_0 PMU driver, 7 counters available
[   19.219140] kvm [1]: IPA Size Limit: 44bits
[   19.223741] kvm [1]: vgic interrupt IRQ1
[   19.227733] kvm [1]: Hyp mode initialized successfully
[   19.264286] Initialise system trusted keyrings
[   19.268791] workingset: timestamp_bits=44 max_order=20 bucket_order=0
[   19.275505] squashfs: version 4.0 (2009/01/31) Phillip Lougher
[   19.281491] NFS: Registering the id_resolver key type
[   19.286550] Key type id_resolver registered
[   19.290731] Key type id_legacy registered
[   19.294741] nfs4filelayout_init: NFSv4 File Layout Driver Registering...
[   19.301501] fuse: init (API version 7.31)
[   19.305589] 9p: Installing v9fs 9p2000 file system support
[   19.320752] Key type asymmetric registered
[   19.324851] Asymmetric key parser 'x509' registered
[   19.329742] Block layer SCSI generic (bsg) driver version 0.4 loaded (major 245)
[   19.337194] io scheduler mq-deadline registered
[   19.341727] io scheduler kyber registered
[   19.356599] thermal LNXTHERM:00: registered as thermal_zone0
[   19.362265] ACPI: Thermal Zone [THM0] (57 C)
[   19.366964] thermal LNXTHERM:01: registered as thermal_zone1
[   19.372629] ACPI: Thermal Zone [THM1] (56 C)
[   19.377344] thermal LNXTHERM:02: registered as thermal_zone2
[   19.383006] ACPI: Thermal Zone [THM2] (57 C)
[   19.388005] thermal LNXTHERM:03: registered as thermal_zone3
[   19.393729] ACPI: Thermal Zone [THM3] (58 C)
[   19.400015] thermal LNXTHERM:04: registered as thermal_zone4
[   19.405740] ACPI: Thermal Zone [THM4] (56 C)
[   19.434196] thermal LNXTHERM:05: registered as thermal_zone5
[   19.439917] ACPI: Thermal Zone [THM5] (56 C)
[   19.444598] EINJ: EINJ table not found.
[   19.457132] bman_ccsr NXP0021:00: QBman : dev [1] index [0] mem-base [e0000000] size [1000000]
[   19.469715] qman_ccsr NXP0028:00: QBman : dev [0] index [0] mem-base [e1000000] size [800000]
[   19.478363] qman_ccsr NXP0028:00: QBman : dev [0] index [1] mem-base [e2000000] size [2000000]
[   19.504500] bman_portal NXP0023:00: Portal initialised, cpu 0
[   19.510553] bman_portal NXP0023:01: Portal initialised, cpu 1
[   19.516587] bman_portal NXP0023:02: Portal initialised, cpu 2
[   19.522623] bman_portal NXP0023:03: Portal initialised, cpu 3
[   19.529799] qman_portal NXP0022:00: Portal initialised, cpu 0
[   19.535860] qman_portal NXP0022:01: Portal initialised, cpu 1
[   19.541916] qman_portal NXP0022:02: Portal initialised, cpu 2
[   19.548459] qman_portal NXP0022:03: Portal initialised, cpu 3
[   19.565278] Serial: 8250/16550 driver, 4 ports, IRQ sharing enabled
[   19.574488] printk: console [ttyS0] disabled
[   19.578870] NXP0018:00: ttyS0 at MMIO 0x21c0500 (irq = 6, base_baud = 18750000) is a 16550A
[    0.000000] Booting Linux on physical CPU 0x0000000000 [0x410fd082]
[    0.000000] Linux version 5.6.0-00006-g47460fc92ac6 (ar@AnjanaR-LP) (gcc version 7.5.0 (Linaro GCC 7.5-2019.12)) #3 SMP PREEMPT Sat May 15 10:19:13 IST 201
[    0.000000] earlycon: uart8250 at MMIO 0x00000000021c0500 (options '')
[    0.000000] printk: bootconsole [uart8250] enabled
[    0.000000] efi: Getting EFI parameters from FDT:
[    0.000000] efi: EFI v2.70 by EDK II
[    0.000000] efi:  ACPI 2.0=0xf02a0000  SMBIOS=0xfadc0000  SMBIOS 3.0=0xfada0000  MEMATTR=0xfa194018  ESRT=0xfa19cc98  MEMRESERVE=0xf02b0018
[    0.000000] esrt: Reserving ESRT space from 0x00000000fa19cc98 to 0x00000000fa19ccd0.
[    0.000000] cma: Reserved 256 MiB at 0x00000000df000000
[    0.000000] ACPI: Early table checksum verification disabled
[    0.000000] ACPI: RSDP 0x00000000F02A0000 000024 (v02 NXP   )
[    0.000000] ACPI: XSDT 0x00000000F0290000 00005C (v01 NXP    LS1046   00000000      01000013)
[    0.000000] ACPI: FACP 0x00000000F00A0000 000114 (v06 NXP    LS1046   00000000 ARMH 00010000)
[    0.000000] ACPI: DSDT 0x00000000EF900000 0052DC (v02 NXP    LS1046   00000000 INTL 20190509)
[    0.000000] ACPI: GTDT 0x00000000F0090000 000068 (v02 NXP    LS1046   00000000 ARMH 00010000)
[    0.000000] ACPI: APIC 0x00000000F0080000 000184 (v04 NXP    LS1046   00000000 ARMH 00010000)
[    0.000000] ACPI: SPCR 0x00000000F0070000 000050 (v02 NXP    LS1046   00000000 ARMH 00010000)
[    0.000000] ACPI: DBG2 0x00000000F0060000 00005C (v00 NXP    LS1046   00000000 ARMH 00010000)
[    0.000000] ACPI: IORT 0x00000000EF920000 0002EF (v00 NXP    LS1046   00000000 ARMH 00010000)
[    0.000000] ACPI: MCFG 0x00000000EF910000 00004C (v01 NXP    LS1046   00000000 ARMH 00010000)
[    0.000000] ACPI: SPCR: console: uart,mmio,0x21c0500,115200
[    0.000000] ACPI: NUMA: Failed to initialise from firmware
[    0.000000] NUMA: Faking a node at [mem 0x0000000080000000-0x00000008ffffffff]
[    0.000000] NUMA: NODE_DATA [mem 0x8d7a0d100-0x8d7a0efff]
[    0.000000] Zone ranges:
[    0.000000]   DMA      [mem 0x0000000080000000-0x00000000bfffffff]
[    0.000000]   DMA32    [mem 0x00000000c0000000-0x00000000ffffffff]
[    0.000000]   Normal   [mem 0x0000000100000000-0x00000008ffffffff]
[    0.000000] Movable zone start for each node
[    0.000000] Early memory node ranges
[    0.000000]   node   0: [mem 0x0000000080000000-0x00000000ef11ffff]
[    0.000000]   node   0: [mem 0x00000000ef120000-0x00000000ef19ffff]
[    0.000000]   node   0: [mem 0x00000000ef1a0000-0x00000000ef1a1fff]
[    0.000000]   node   0: [mem 0x00000000ef1a2000-0x00000000ef364fff]
[    0.000000]   node   0: [mem 0x00000000ef365000-0x00000000efb8ffff]
[    0.000000]   node   0: [mem 0x00000000efb90000-0x00000000f005ffff]
[    0.000000]   node   0: [mem 0x00000000f0060000-0x00000000f00affff]
[    0.000000]   node   0: [mem 0x00000000f00b0000-0x00000000f028ffff]
[    0.000000]   node   0: [mem 0x00000000f0290000-0x00000000fad8ffff]
[    0.000000]   node   0: [mem 0x00000000fad90000-0x00000000faddffff]
[    0.000000]   node   0: [mem 0x00000000fade0000-0x00000000fbdfffff]
[    0.000000]   node   0: [mem 0x0000000880000000-0x00000008ffffffff]
[    0.000000] Zeroed struct page in unavailable ranges: 414 pages
[    0.000000] Initmem setup node 0 [mem 0x0000000080000000-0x00000008ffffffff]
[    0.000000] psci: probing for conduit method from ACPI.
[    0.000000] psci: PSCIv1.1 detected in firmware.
[    0.000000] psci: Using standard PSCI v0.2 function IDs
[    0.000000] psci: MIGRATE_INFO_TYPE not supported.
[    0.000000] psci: SMC Calling Convention v1.0
[    0.000000] ACPI: SRAT not present
[    0.000000] percpu: Embedded 23 pages/cpu s53848 r8192 d32168 u94208
[    0.000000] Detected PIPT I-cache on CPU0
[    0.000000] CPU features: detected: EL2 vector hardening
[    0.000000] CPU features: kernel page table isolation forced ON by KASLR
[    0.000000] CPU features: detected: Kernel page table isolation (KPTI)
[    0.000000] ARM_SMCCC_ARCH_WORKAROUND_1 missing from firmware
[    0.000000] CPU features: detected: ARM erratum 1319367
[    0.000000] Built 1 zonelists, mobility grouping on.  Total pages: 1015560
[    0.000000] Policy zone: Normal
[    0.000000] Kernel command line: Linux_Kernel_Image acpi=force initrd=rootfs_lsdk2004_ubuntu_main_arm64.cpio.gz earlycon=uart8250,mmio,0x21c0500 console=t0
[    0.000000] Dentry cache hash table entries: 524288 (order: 10, 4194304 bytes, linear)
[    0.000000] Inode-cache hash table entries: 262144 (order: 9, 2097152 bytes, linear)
[    0.000000] mem auto-init: stack:off, heap alloc:off, heap free:off
[    0.000000] software IO TLB: mapped [mem 0xbbfff000-0xbffff000] (64MB)
[    0.000000] Memory: 3024156K/4126720K available (15164K kernel code, 2044K rwdata, 7616K rodata, 5504K init, 441K bss, 840420K reserved, 262144K cma-reser)
[    0.000000] rcu: Preemptible hierarchical RCU implementation.
[    0.000000] rcu:     RCU event tracing is enabled.
[    0.000000] rcu:     RCU restricting CPUs from NR_CPUS=16 to nr_cpu_ids=4.
[    0.000000]  Tasks RCU enabled.
[    0.000000] rcu: RCU calculated value of scheduler-enlistment delay is 25 jiffies.
[    0.000000] rcu: Adjusting geometry for rcu_fanout_leaf=16, nr_cpu_ids=4
[    0.000000] NR_IRQS: 64, nr_irqs: 64, preallocated irqs: 0
[    0.000000] GIC: Using split EOI/Deactivate mode
[    0.000000] random: get_random_bytes called from start_kernel+0x2a8/0x444 with crng_init=0
[    0.000000] arch_timer: cp15 timer(s) running at 25.00MHz (phys).
[    0.000000] clocksource: arch_sys_counter: mask: 0xffffffffffffff max_cycles: 0x5c40939b5, max_idle_ns: 440795202646 ns
[    0.000002] sched_clock: 56 bits at 25MHz, resolution 40ns, wraps every 4398046511100ns
[    0.008194] Console: colour dummy device 80x25
[    0.012671] ACPI: Core revision 20200110
[    0.016706] Calibrating delay loop (skipped), value calculated using timer frequency.. 50.00 BogoMIPS (lpj=100000)
[    0.027063] pid_max: default: 32768 minimum: 301
[    0.031734] LSM: Security Framework initializing
[    0.036420] Mount-cache hash table entries: 8192 (order: 4, 65536 bytes, linear)
[    0.043837] Mountpoint-cache hash table entries: 8192 (order: 4, 65536 bytes, linear)
[    0.052123] ACPI PPTT: No PPTT table found, CPU and cache topology may be inaccurate
[    0.091908] rcu: Hierarchical SRCU implementation.
[    0.104740] Remapping and enabling EFI services.
[    0.117368] smp: Bringing up secondary CPUs ...
[    0.154053] Detected PIPT I-cache on CPU1
[    0.154077] CPU1: Booted secondary processor 0x0000000001 [0x410fd082]
[    0.186067] Detected PIPT I-cache on CPU2
[    0.186083] CPU2: Booted secondary processor 0x0000000002 [0x410fd082]
[    0.218098] Detected PIPT I-cache on CPU3
[    0.218113] CPU3: Booted secondary processor 0x0000000003 [0x410fd082]
[    0.218145] smp: Brought up 1 node, 4 CPUs
[    0.253832] SMP: Total of 4 processors activated.
[    0.258535] CPU features: detected: 32-bit EL0 Support
[    0.263679] CPU features: detected: CRC32 instructions
[    0.277921] CPU: All CPU(s) started at EL2
[    0.282023] alternatives: patching kernel code
[    0.287046] devtmpfs: initialized
[    0.290717] KASLR enabled
[    0.293478] clocksource: jiffies: mask: 0xffffffff max_cycles: 0xffffffff, max_idle_ns: 7645041785100000 ns
[    0.303229] futex hash table entries: 1024 (order: 4, 65536 bytes, linear)
[    0.312683] xor: measuring software checksum speed
[    0.357509]    8regs     :  6782.000 MB/sec
[    0.401707]    32regs    :  6828.000 MB/sec
[    0.445906]    arm64_neon:  6694.000 MB/sec
[    0.450085] xor: using function: 32regs (6828.000 MB/sec)
[    0.455485] pinctrl core: initialized pinctrl subsystem
[    0.461088] thermal_sys: Registered thermal governor 'step_wise'
[    0.461090] thermal_sys: Registered thermal governor 'power_allocator'
[    0.467153] SMBIOS 3.3.0 present.
[    0.476991] DMI: NXP    LS1046FRWY, BIOS EDK 2 Feb 21 2022
[    0.482787] NET: Registered protocol family 16
[    0.487846] DMA: preallocated 256 KiB pool for atomic allocations
[    0.493946] audit: initializing netlink subsys (disabled)
[    0.499419] audit: type=2000 audit(0.428:1): state=initialized audit_enabled=0 res=1
[    0.507176] cpuidle: using governor menu
[    0.511204] hw-breakpoint: found 6 breakpoint and 4 watchpoint registers.
[    0.518026] ASID allocator initialised with 32768 entries
[    0.523623] ACPI: bus type PCI registered
[    0.527631] acpiphp: ACPI Hot Plug PCI Controller Driver version: 0.5
[    0.534206] Serial: AMBA PL011 UART driver
[    0.542384] HugeTLB registered 1.00 GiB page size, pre-allocated 0 pages
[    0.549090] HugeTLB registered 32.0 MiB page size, pre-allocated 0 pages
[    0.555792] HugeTLB registered 2.00 MiB page size, pre-allocated 0 pages
[    0.562493] HugeTLB registered 64.0 KiB page size, pre-allocated 0 pages
[    0.570721] cryptd: max_cpu_qlen set to 1000
[    0.643035] raid6: neonx8   gen()  4754 MB/s
[    0.715342] raid6: neonx8   xor()  3306 MB/s
[    0.787645] raid6: neonx4   gen()  4642 MB/s
[    0.859952] raid6: neonx4   xor()  3382 MB/s
[    0.932273] raid6: neonx2   gen()  4062 MB/s
[    1.004578] raid6: neonx2   xor()  3221 MB/s
[    1.076887] raid6: neonx1   gen()  3137 MB/s
[    1.149194] raid6: neonx1   xor()  2539 MB/s
[    1.221498] raid6: int64x8  gen()  2380 MB/s
[    1.293806] raid6: int64x8  xor()  1425 MB/s
[    1.366117] raid6: int64x4  gen()  2785 MB/s
[    1.438419] raid6: int64x4  xor()  1547 MB/s
[    1.510725] raid6: int64x2  gen()  2467 MB/s
[    1.583025] raid6: int64x2  xor()  1350 MB/s
[    1.655329] raid6: int64x1  gen()  1940 MB/s
[    1.727632] raid6: int64x1  xor()  1020 MB/s
[    1.731898] raid6: using algorithm neonx8 gen() 4754 MB/s
[    1.737293] raid6: .... xor() 3306 MB/s, rmw enabled
[    1.742255] raid6: using neon recovery algorithm
[    1.747019] ACPI: Added _OSI(Module Device)
[    1.751202] ACPI: Added _OSI(Processor Device)
[    1.755643] ACPI: Added _OSI(3.0 _SCP Extensions)
[    1.760344] ACPI: Added _OSI(Processor Aggregator Device)
[    1.765741] ACPI: Added _OSI(Linux-Dell-Video)
[    1.770183] ACPI: Added _OSI(Linux-Lenovo-NV-HDMI-Audio)
[    1.775493] ACPI: Added _OSI(Linux-HPI-Hybrid-Graphics)
[    1.786323] ACPI: 1 ACPI AML tables successfully acquired and loaded
[    1.804103] ACPI: Interpreter enabled
[    1.807764] ACPI: Using GIC for interrupt routing
[    1.812487] ACPI: MCFG table detected, 2 entries
[    1.828328] ACPI: Power Resource [FN1L] (off)
[    1.832768] ACPI: Power Resource [FN1H] (off)
[    1.837203] ACPI: Power Resource [FN2L] (off)
[    1.841640] ACPI: Power Resource [FN2H] (off)
[    1.846074] ACPI: Power Resource [FN3L] (off)
[    1.850510] ACPI: Power Resource [FN3H] (off)
[    1.854944] ACPI: Power Resource [FN4L] (off)
[    1.859379] ACPI: Power Resource [FN4H] (off)
[    1.863812] ACPI: Power Resource [FN5L] (off)
[    1.868248] ACPI: Power Resource [FN5H] (off)
[    1.874365] ACPI: PCI Root Bridge [PCI1] (domain 0001 [bus 01-ff])
[    1.880555] acpi PNP0A08:01: _OSC: OS supports [ExtendedConfig ASPM ClockPM Segments MSI HPX-Type3]
[    1.889858] acpi PNP0A08:01: _OSC: OS requested [PME AER PCIeCapability LTR]
[    1.896911] acpi PNP0A08:01: _OSC: platform willing to grant [PME AER PCIeCapability LTR]
[    1.905091] acpi PNP0A08:01: _OSC failed (AE_SUPPORT); disabling ASPM
[    1.911689] acpi PNP0A08:01: ECAM area [mem 0x4800100000-0x480fffffff] reserved by PNP0C02:00
[    1.923744] acpi PNP0A08:01: ECAM at [mem 0x4800100000-0x480fffffff] for [bus 01-ff]
[    1.931523] Remapped I/O 0x0000004810000000 to [io  0x0000-0xffff window]
[    1.938376] PCI host bridge to bus 0001:01
[    1.942474] pci_bus 0001:01: root bus resource [mem 0x4840000000-0x48ffffffff window] (bus address [0x40000000-0xffffffff])
[    1.953616] pci_bus 0001:01: root bus resource [mem 0x4c00000000-0x4fffffffff window]
[    1.961448] pci_bus 0001:01: root bus resource [io  0x0000-0xffff window]
[    1.968238] pci_bus 0001:01: root bus resource [bus 01-ff]
[    1.977030] pci_bus 0001:01: resource 4 [mem 0x4840000000-0x48ffffffff window]
[    1.984254] pci_bus 0001:01: resource 5 [mem 0x4c00000000-0x4fffffffff window]
[    1.991477] pci_bus 0001:01: resource 6 [io  0x0000-0xffff window]
[    1.997799] ACPI: PCI Root Bridge [PCI2] (domain 0002 [bus 01-ff])
[    2.003986] acpi PNP0A08:02: _OSC: OS supports [ExtendedConfig ASPM ClockPM Segments MSI HPX-Type3]
[    2.013282] acpi PNP0A08:02: _OSC: OS requested [PME AER PCIeCapability LTR]
[    2.020355] acpi PNP0A08:02: _OSC: platform willing to grant [PME AER PCIeCapability LTR]
[    2.028535] acpi PNP0A08:02: _OSC failed (AE_SUPPORT); disabling ASPM
[    2.035129] acpi PNP0A08:02: ECAM area [mem 0x5000100000-0x500fffffff] reserved by PNP0C02:00
[    2.047189] acpi PNP0A08:02: ECAM at [mem 0x5000100000-0x500fffffff] for [bus 01-ff]
[    2.054963] Remapped I/O 0x0000005010000000 to [io  0x10000-0x1ffff window]
[    2.061983] PCI host bridge to bus 0002:01
[    2.066081] pci_bus 0002:01: root bus resource [mem 0x5040000000-0x507fffffff window] (bus address [0x40000000-0x7fffffff])
[    2.077217] pci_bus 0002:01: root bus resource [mem 0x5400000000-0x57ffffffff window]
[    2.085049] pci_bus 0002:01: root bus resource [io  0x10000-0x1ffff window] (bus address [0x0000-0xffff])
[    2.094620] pci_bus 0002:01: root bus resource [bus 01-ff]
[    2.100129] pci 0002:01:00.0: [168c:003e] type 00 class 0x028000
[    2.106171] pci 0002:01:00.0: reg 0x10: [mem 0x5046000000-0x50461fffff 64bit]
[    2.113427] pci 0002:01:00.0: PME# supported from D0 D3hot D3cold
[    2.119699] pci 0002:01:00.0: BAR 0: assigned [mem 0x5400000000-0x54001fffff 64bit]
[    2.127370] pci_bus 0002:01: resource 4 [mem 0x5040000000-0x507fffffff window]
[    2.134594] pci_bus 0002:01: resource 5 [mem 0x5400000000-0x57ffffffff window]
[    2.141817] pci_bus 0002:01: resource 6 [io  0x10000-0x1ffff window]
[    2.154099] iommu: Default domain type: Passthrough
[    2.159160] vgaarb: loaded
[    2.162007] SCSI subsystem initialized
[    2.165885] ACPI: bus type USB registered
[    2.169936] usbcore: registered new interface driver usbfs
[    2.175439] usbcore: registered new interface driver hub
[    2.180776] usbcore: registered new device driver usb
[    2.186425] i2c i2c-0: IMX I2C adapter registered
[    2.191475] i2c i2c-1: IMX I2C adapter registered
[    2.196517] i2c i2c-2: IMX I2C adapter registered
[    2.201608] i2c i2c-3: IMX I2C adapter registered
[    2.206436] pps_core: LinuxPPS API ver. 1 registered
[    2.211408] pps_core: Software ver. 5.3.6 - Copyright 2005-2007 Rodolfo Giometti <giometti@linux.it>
[    2.220555] PTP clock support registered
[    2.224510] EDAC MC: Ver: 3.0.0
[    2.227806] Registered efivars operations
[    2.232188] FPGA manager framework
[    2.235619] Advanced Linux Sound Architecture Driver Initialized.
[    2.242059] clocksource: Switched to clocksource arch_sys_counter
[    2.248265] VFS: Disk quotas dquot_6.6.0
[    2.252218] VFS: Dquot-cache hash table entries: 512 (order 0, 4096 bytes)
[    2.259184] pnp: PnP ACPI init
[    2.262364] system 00:00: [mem 0x03400000-0x034fffff] has been reserved
[    2.269050] system 00:01: [mem 0x03500000-0x035fffff] has been reserved
[    2.275732] system 00:02: [mem 0x03600000-0x036fffff] has been reserved
[    2.282414] system 00:03: [mem 0x4000000000-0x400fffffff] has been reserved
[    2.289383] system 00:03: [mem 0x4800000000-0x480fffffff] could not be reserved
[    2.296697] system 00:03: [mem 0x5000000000-0x500fffffff] could not be reserved
[    2.304308] pnp: PnP ACPI: found 4 devices
[    2.311271] NET: Registered protocol family 2
[    2.315843] tcp_listen_portaddr_hash hash table entries: 2048 (order: 3, 32768 bytes, linear)
[    2.324404] TCP established hash table entries: 32768 (order: 6, 262144 bytes, linear)
[    2.332458] TCP bind hash table entries: 32768 (order: 7, 524288 bytes, linear)
[    2.340026] TCP: Hash tables configured (established 32768 bind 32768)
[    2.346602] UDP hash table entries: 2048 (order: 4, 65536 bytes, linear)
[    2.353355] UDP-Lite hash table entries: 2048 (order: 4, 65536 bytes, linear)
[    2.360594] NET: Registered protocol family 1
[    2.365145] RPC: Registered named UNIX socket transport module.
[    2.371075] RPC: Registered udp transport module.
[    2.375778] RPC: Registered tcp transport module.
[    2.380480] RPC: Registered tcp NFSv4.1 backchannel transport module.
[    2.386931] PCI: CLS 0 bytes, default 64
[    2.390919] Trying to unpack rootfs image as initramfs...
[   19.206844] Freeing initrd memory: 653372K
[   19.211203] hw perfevents: enabled with armv8_pmuv3_0 PMU driver, 7 counters available
[   19.219140] kvm [1]: IPA Size Limit: 44bits
[   19.223741] kvm [1]: vgic interrupt IRQ1
[   19.227733] kvm [1]: Hyp mode initialized successfully
[   19.264286] Initialise system trusted keyrings
[   19.268791] workingset: timestamp_bits=44 max_order=20 bucket_order=0
[   19.275505] squashfs: version 4.0 (2009/01/31) Phillip Lougher
[   19.281491] NFS: Registering the id_resolver key type
[   19.286550] Key type id_resolver registered
[   19.290731] Key type id_legacy registered
[   19.294741] nfs4filelayout_init: NFSv4 File Layout Driver Registering...
[   19.301501] fuse: init (API version 7.31)
[   19.305589] 9p: Installing v9fs 9p2000 file system support
[   19.320752] Key type asymmetric registered
[   19.324851] Asymmetric key parser 'x509' registered
[   19.329742] Block layer SCSI generic (bsg) driver version 0.4 loaded (major 245)
[   19.337194] io scheduler mq-deadline registered
[   19.341727] io scheduler kyber registered
[   19.356599] thermal LNXTHERM:00: registered as thermal_zone0
[   19.362265] ACPI: Thermal Zone [THM0] (57 C)
[   19.366964] thermal LNXTHERM:01: registered as thermal_zone1
[   19.372629] ACPI: Thermal Zone [THM1] (56 C)
[   19.377344] thermal LNXTHERM:02: registered as thermal_zone2
[   19.383006] ACPI: Thermal Zone [THM2] (57 C)
[   19.388005] thermal LNXTHERM:03: registered as thermal_zone3
[   19.393729] ACPI: Thermal Zone [THM3] (58 C)
[   19.400015] thermal LNXTHERM:04: registered as thermal_zone4
[   19.405740] ACPI: Thermal Zone [THM4] (56 C)
[   19.434196] thermal LNXTHERM:05: registered as thermal_zone5
[   19.439917] ACPI: Thermal Zone [THM5] (56 C)
[   19.444598] EINJ: EINJ table not found.
[   19.457132] bman_ccsr NXP0021:00: QBman : dev [1] index [0] mem-base [e0000000] size [1000000]
[   19.469715] qman_ccsr NXP0028:00: QBman : dev [0] index [0] mem-base [e1000000] size [800000]
[   19.478363] qman_ccsr NXP0028:00: QBman : dev [0] index [1] mem-base [e2000000] size [2000000]
[   19.504500] bman_portal NXP0023:00: Portal initialised, cpu 0
[   19.510553] bman_portal NXP0023:01: Portal initialised, cpu 1
[   19.516587] bman_portal NXP0023:02: Portal initialised, cpu 2
[   19.522623] bman_portal NXP0023:03: Portal initialised, cpu 3
[   19.529799] qman_portal NXP0022:00: Portal initialised, cpu 0
[   19.535860] qman_portal NXP0022:01: Portal initialised, cpu 1
[   19.541916] qman_portal NXP0022:02: Portal initialised, cpu 2
[   19.548459] qman_portal NXP0022:03: Portal initialised, cpu 3
[   19.565278] Serial: 8250/16550 driver, 4 ports, IRQ sharing enabled
[   19.574488] printk: console [ttyS0] disabled
[   19.578870] NXP0018:00: ttyS0 at MMIO 0x21c0500 (irq = 6, base_baud = 18750000) is a 16550A
[   21.306538] printk: console [ttyS0] enabled
[   21.306538] printk: console [ttyS0] enabled
[   21.316725] NXP0018:01: ttyS1 at MMIO 0x21d0600 (irq = 7, base_baud = 18750000) is a 16550A
[   21.316725] NXP0018:01: ttyS1 at MMIO 0x21d0600 (irq = 7, base_baud = 18750000) is a 16550A
[   21.335714] SuperH (H)SCI(F) driver initialized
[   21.335714] SuperH (H)SCI(F) driver initialized
[   21.345383] msm_serial: driver initialized
[   21.345383] msm_serial: driver initialized
[   21.354724] arm-smmu arm-smmu.0.auto: probing hardware configuration...
[   21.354724] arm-smmu arm-smmu.0.auto: probing hardware configuration...
[   21.368063] arm-smmu arm-smmu.0.auto: SMMUv2 with:
[   21.368063] arm-smmu arm-smmu.0.auto: SMMUv2 with:
[   21.377692] arm-smmu arm-smmu.0.auto:        stage 1 translation
[   21.377692] arm-smmu arm-smmu.0.auto:        stage 1 translation
[   21.388743] arm-smmu arm-smmu.0.auto:        stage 2 translation
[   21.388743] arm-smmu arm-smmu.0.auto:        stage 2 translation
[   21.399778] arm-smmu arm-smmu.0.auto:        nested translation
[   21.399778] arm-smmu arm-smmu.0.auto:        nested translation
[   21.410651] arm-smmu arm-smmu.0.auto:        coherent table walk
[   21.410651] arm-smmu arm-smmu.0.auto:        coherent table walk
[   21.421693] arm-smmu arm-smmu.0.auto:        stream matching with 64 register groups
[   21.421693] arm-smmu arm-smmu.0.auto:        stream matching with 64 register groups
[   21.436251] arm-smmu arm-smmu.0.auto:        32 context banks (0 stage-2 only)
[   21.436251] arm-smmu arm-smmu.0.auto:        32 context banks (0 stage-2 only)
[   21.449748] arm-smmu arm-smmu.0.auto:        Supported page sizes: 0x61311000
[   21.449748] arm-smmu arm-smmu.0.auto:        Supported page sizes: 0x61311000
[   21.463086] arm-smmu arm-smmu.0.auto:        Stage-1: 48-bit VA -> 48-bit IPA
[   21.463086] arm-smmu arm-smmu.0.auto:        Stage-1: 48-bit VA -> 48-bit IPA
[   21.476405] arm-smmu arm-smmu.0.auto:        Stage-2: 48-bit IPA -> 48-bit PA
[   21.476405] arm-smmu arm-smmu.0.auto:        Stage-2: 48-bit IPA -> 48-bit PA
[   21.490760] cacheinfo: Unable to detect cache hierarchy for CPU 0
[   21.490760] cacheinfo: Unable to detect cache hierarchy for CPU 0
[   21.515168] brd: module loaded
[   21.515168] brd: module loaded
[   21.532975] loop: module loaded
[   21.532975] loop: module loaded
[   21.541355] ahci NXP0004:00: Adding to iommu group 0
[   21.541355] ahci NXP0004:00: Adding to iommu group 0
[   21.551583] ahci NXP0004:00: NXP0004:00 supply ahci not found, using dummy regulator
[   21.551583] ahci NXP0004:00: NXP0004:00 supply ahci not found, using dummy regulator
[   21.567270] ahci NXP0004:00: NXP0004:00 supply phy not found, using dummy regulator
[   21.567270] ahci NXP0004:00: NXP0004:00 supply phy not found, using dummy regulator
[   21.582780] ahci NXP0004:00: NXP0004:00 supply target not found, using dummy regulator
[   21.582780] ahci NXP0004:00: NXP0004:00 supply target not found, using dummy regulator
[   21.598866] ahci NXP0004:00: AHCI 0001.0301 32 slots 1 ports 6 Gbps 0x1 impl platform mode
[   21.598866] ahci NXP0004:00: AHCI 0001.0301 32 slots 1 ports 6 Gbps 0x1 impl platform mode
[   21.615513] ahci NXP0004:00: flags: 64bit ncq sntf pm clo only pmp fbs pio slum part ccc sds apst
[   21.615513] ahci NXP0004:00: flags: 64bit ncq sntf pm clo only pmp fbs pio slum part ccc sds apst
[   21.634700] scsi host0: ahci
[   21.634700] scsi host0: ahci
[   21.640849] ata1: SATA max UDMA/133 mmio [mem 0x03200000-0x0320ffff] port 0x100 irq 17
[   21.640849] ata1: SATA max UDMA/133 mmio [mem 0x03200000-0x0320ffff] port 0x100 irq 17
[   21.660771] spi-nor spi-PRP0001:02: found mt25qu512a, expected s25fs512s
[   21.660771] spi-nor spi-PRP0001:02: found mt25qu512a, expected s25fs512s
[   21.674498] spi-nor spi-PRP0001:02: mt25qu512a (65536 Kbytes)
[   21.674498] spi-nor spi-PRP0001:02: mt25qu512a (65536 Kbytes)
[   21.703357] libphy: Fixed MDIO Bus: probed
[   21.703357] libphy: Fixed MDIO Bus: probed
[   21.713074] tun: Universal TUN/TAP device driver, 1.6
[   21.713074] tun: Universal TUN/TAP device driver, 1.6
[   21.724206] thunder_xcv, ver 1.0
[   21.724206] thunder_xcv, ver 1.0
[   21.730790] thunder_bgx, ver 1.0
[   21.730790] thunder_bgx, ver 1.0
[   21.737357] nicpf, ver 1.0
[   21.737357] nicpf, ver 1.0
[   21.743757] libphy: Freescale XGMAC MDIO Bus: probed
[   21.743757] libphy: Freescale XGMAC MDIO Bus: probed
[   21.771775] libphy: Freescale XGMAC MDIO Bus: probed
[   21.771775] libphy: Freescale XGMAC MDIO Bus: probed
[   21.786680] libphy: Freescale XGMAC MDIO Bus: probed
[   21.786680] libphy: Freescale XGMAC MDIO Bus: probed
[   21.801536] libphy: Freescale XGMAC MDIO Bus: probed
[   21.801536] libphy: Freescale XGMAC MDIO Bus: probed
[   21.816446] libphy: Freescale XGMAC MDIO Bus: probed
[   21.816446] libphy: Freescale XGMAC MDIO Bus: probed
[   21.845220] fsl_dpaa_mac NXP0025:00: FMan MEMAC
[   21.845220] fsl_dpaa_mac NXP0025:00: FMan MEMAC
[   21.854357] fsl_dpaa_mac NXP0025:00: FMan MAC address: 00:04:9f:06:2d:72
[   21.854357] fsl_dpaa_mac NXP0025:00: FMan MAC address: 00:04:9f:06:2d:72
[   21.868847] fsl_dpaa_mac NXP0025:01: FMan MEMAC
[   21.868847] fsl_dpaa_mac NXP0025:01: FMan MEMAC
[   21.877984] fsl_dpaa_mac NXP0025:01: FMan MAC address: 00:04:9f:06:2d:73
[   21.877984] fsl_dpaa_mac NXP0025:01: FMan MAC address: 00:04:9f:06:2d:73
[   21.892410] fsl_dpaa_mac NXP0025:02: FMan MEMAC
[   21.892410] fsl_dpaa_mac NXP0025:02: FMan MEMAC
[   21.901543] fsl_dpaa_mac NXP0025:02: FMan MAC address: 00:04:9f:06:2d:74
[   21.901543] fsl_dpaa_mac NXP0025:02: FMan MAC address: 00:04:9f:06:2d:74
[   21.915975] fsl_dpaa_mac NXP0025:03: FMan MEMAC
[   21.915975] fsl_dpaa_mac NXP0025:03: FMan MEMAC
[   21.925108] fsl_dpaa_mac NXP0025:03: FMan MAC address: 00:04:9f:06:2d:75
[   21.925108] fsl_dpaa_mac NXP0025:03: FMan MAC address: 00:04:9f:06:2d:75
[   21.945505] fsl_dpa dpaa-ethernet.0 eth0: Probed interface eth0 type 16
[   21.945505] fsl_dpa dpaa-ethernet.0 eth0: Probed interface eth0 type 16
[   21.965028] fsl_dpa dpaa-ethernet.1 eth1: Probed interface eth1 type 16
[   21.965028] fsl_dpa dpaa-ethernet.1 eth1: Probed interface eth1 type 16
[   21.968734] ata1: SATA link down (SStatus 0 SControl 300)
[   21.968734] ata1: SATA link down (SStatus 0 SControl 300)
[   21.984545] fsl_dpa dpaa-ethernet.2 eth2: Probed interface eth2 type 16
[   21.984545] fsl_dpa dpaa-ethernet.2 eth2: Probed interface eth2 type 16
[   22.008704] fsl_dpa dpaa-ethernet.3 eth3: Probed interface eth3 type 16
[   22.008704] fsl_dpa dpaa-ethernet.3 eth3: Probed interface eth3 type 16
[   22.022877] hclge is initializing
[   22.022877] hclge is initializing
[   22.029801] hns3: Hisilicon Ethernet Network Driver for Hip08 Family - version
[   22.029801] hns3: Hisilicon Ethernet Network Driver for Hip08 Family - version
[   22.044361] hns3: Copyright (c) 2017 Huawei Corporation.
[   22.044361] hns3: Copyright (c) 2017 Huawei Corporation.
[   22.055158] e1000e: Intel(R) PRO/1000 Network Driver - 3.2.6-k
[   22.055158] e1000e: Intel(R) PRO/1000 Network Driver - 3.2.6-k
[   22.066907] e1000e: Copyright(c) 1999 - 2015 Intel Corporation.
[   22.066907] e1000e: Copyright(c) 1999 - 2015 Intel Corporation.
[   22.078892] igb: Intel(R) Gigabit Ethernet Network Driver - version 5.6.0-k
[   22.078892] igb: Intel(R) Gigabit Ethernet Network Driver - version 5.6.0-k
[   22.092922] igb: Copyright (c) 2007-2014 Intel Corporation.
[   22.092922] igb: Copyright (c) 2007-2014 Intel Corporation.
[   22.104217] igbvf: Intel(R) Gigabit Virtual Function Network Driver - version 2.4.0-k
[   22.104217] igbvf: Intel(R) Gigabit Virtual Function Network Driver - version 2.4.0-k
[   22.120132] igbvf: Copyright (c) 2009 - 2012 Intel Corporation.
[   22.120132] igbvf: Copyright (c) 2009 - 2012 Intel Corporation.
[   22.132556] sky2: driver version 1.30
[   22.132556] sky2: driver version 1.30
[   22.140799] usbcore: registered new interface driver r8152
[   22.140799] usbcore: registered new interface driver r8152
[   22.151906] usbcore: registered new interface driver asix
[   22.151906] usbcore: registered new interface driver asix
[   22.162834] usbcore: registered new interface driver ax88179_178a
[   22.162834] usbcore: registered new interface driver ax88179_178a
[   22.175937] VFIO - User Level meta-driver version: 0.3
[   22.175937] VFIO - User Level meta-driver version: 0.3
[   22.186853] dwc3 808622B7:00: Adding to iommu group 1
[   22.186853] dwc3 808622B7:00: Adding to iommu group 1
[   22.198087] dwc3 808622B7:01: Adding to iommu group 2
[   22.198087] dwc3 808622B7:01: Adding to iommu group 2
[   22.210467] ehci_hcd: USB 2.0 'Enhanced' Host Controller (EHCI) Driver
[   22.210467] ehci_hcd: USB 2.0 'Enhanced' Host Controller (EHCI) Driver
[   22.223616] ehci-pci: EHCI PCI platform driver
[   22.223616] ehci-pci: EHCI PCI platform driver
[   22.232632] ehci-platform: EHCI generic platform driver
[   22.232632] ehci-platform: EHCI generic platform driver
[   22.243330] ehci-orion: EHCI orion driver
[   22.243330] ehci-orion: EHCI orion driver
[   22.251541] ehci-exynos: EHCI Exynos driver
[   22.251541] ehci-exynos: EHCI Exynos driver
[   22.260109] ohci_hcd: USB 1.1 'Open' Host Controller (OHCI) Driver
[   22.260109] ohci_hcd: USB 1.1 'Open' Host Controller (OHCI) Driver
[   22.272579] ohci-pci: OHCI PCI platform driver
[   22.272579] ohci-pci: OHCI PCI platform driver
[   22.281585] ohci-platform: OHCI generic platform driver
[   22.281585] ohci-platform: OHCI generic platform driver
[   22.292248] ohci-exynos: OHCI Exynos driver
[   22.292248] ohci-exynos: OHCI Exynos driver
[   22.301111] xhci-hcd xhci-hcd.1.auto: xHCI Host Controller
[   22.301111] xhci-hcd xhci-hcd.1.auto: xHCI Host Controller
[   22.312189] xhci-hcd xhci-hcd.1.auto: new USB bus registered, assigned bus number 1
[   22.312189] xhci-hcd xhci-hcd.1.auto: new USB bus registered, assigned bus number 1
[   22.327741] xhci-hcd xhci-hcd.1.auto: hcc params 0x0220f66d hci version 0x100 quirks 0x0000000002010810
[   22.327741] xhci-hcd xhci-hcd.1.auto: hcc params 0x0220f66d hci version 0x100 quirks 0x0000000002010810
[   22.346730] xhci-hcd xhci-hcd.1.auto: irq 13, io mem 0x02f00000
[   22.346730] xhci-hcd xhci-hcd.1.auto: irq 13, io mem 0x02f00000
[   22.359752] hub 1-0:1.0: USB hub found
[   22.359752] hub 1-0:1.0: USB hub found
[   22.367368] hub 1-0:1.0: 1 port detected
[   22.367368] hub 1-0:1.0: 1 port detected
[   22.375718] xhci-hcd xhci-hcd.1.auto: xHCI Host Controller
[   22.375718] xhci-hcd xhci-hcd.1.auto: xHCI Host Controller
[   22.386787] xhci-hcd xhci-hcd.1.auto: new USB bus registered, assigned bus number 2
[   22.386787] xhci-hcd xhci-hcd.1.auto: new USB bus registered, assigned bus number 2
[   22.402220] xhci-hcd xhci-hcd.1.auto: Host supports USB 3.0 SuperSpeed
[   22.402220] xhci-hcd xhci-hcd.1.auto: Host supports USB 3.0 SuperSpeed
[   22.416294] hub 2-0:1.0: USB hub found
[   22.416294] hub 2-0:1.0: USB hub found
[   22.423912] hub 2-0:1.0: 1 port detected
[   22.423912] hub 2-0:1.0: 1 port detected
[   22.432354] xhci-hcd xhci-hcd.2.auto: xHCI Host Controller
[   22.432354] xhci-hcd xhci-hcd.2.auto: xHCI Host Controller
[   22.443441] xhci-hcd xhci-hcd.2.auto: new USB bus registered, assigned bus number 3
[   22.443441] xhci-hcd xhci-hcd.2.auto: new USB bus registered, assigned bus number 3
[   22.458982] xhci-hcd xhci-hcd.2.auto: hcc params 0x0220f66d hci version 0x100 quirks 0x0000000002010810
[   22.458982] xhci-hcd xhci-hcd.2.auto: hcc params 0x0220f66d hci version 0x100 quirks 0x0000000002010810
[   22.477954] xhci-hcd xhci-hcd.2.auto: irq 14, io mem 0x03000000
[   22.477954] xhci-hcd xhci-hcd.2.auto: irq 14, io mem 0x03000000
[   22.490970] hub 3-0:1.0: USB hub found
[   22.490970] hub 3-0:1.0: USB hub found
[   22.498583] hub 3-0:1.0: 1 port detected
[   22.498583] hub 3-0:1.0: 1 port detected
[   22.506902] xhci-hcd xhci-hcd.2.auto: xHCI Host Controller
[   22.506902] xhci-hcd xhci-hcd.2.auto: xHCI Host Controller
[   22.517982] xhci-hcd xhci-hcd.2.auto: new USB bus registered, assigned bus number 4
[   22.517982] xhci-hcd xhci-hcd.2.auto: new USB bus registered, assigned bus number 4
[   22.533418] xhci-hcd xhci-hcd.2.auto: Host supports USB 3.0 SuperSpeed
[   22.533418] xhci-hcd xhci-hcd.2.auto: Host supports USB 3.0 SuperSpeed
[   22.547428] hub 4-0:1.0: USB hub found
[   22.547428] hub 4-0:1.0: USB hub found
[   22.555038] hub 4-0:1.0: 1 port detected
[   22.555038] hub 4-0:1.0: 1 port detected
[   22.563693] usbcore: registered new interface driver usb-storage
[   22.563693] usbcore: registered new interface driver usb-storage
[   22.587483] rtc-efi rtc-efi: registered as rtc0
[   22.587483] rtc-efi rtc-efi: registered as rtc0
[   22.597810] ftm-alarm NXP0014:00: registered as rtc1
[   22.597810] ftm-alarm NXP0014:00: registered as rtc1
[   22.608755] i2c /dev entries driver
[   22.608755] i2c /dev entries driver
[   22.619261] ptp_qoriq: ACPI DSD missing required elements,try auto config
[   22.619261] ptp_qoriq: ACPI DSD missing required elements,try auto config
[   22.633152] pps pps0: new PPS source ptp0
[   22.633152] pps pps0: new PPS source ptp0
[   22.645386] imx2-wdt NXP0019:00: timeout 60 sec (nowayout=0)
[   22.645386] imx2-wdt NXP0019:00: timeout 60 sec (nowayout=0)
[   22.658497] sdhci: Secure Digital Host Controller Interface driver
[   22.658497] sdhci: Secure Digital Host Controller Interface driver
[   22.670954] sdhci: Copyright(c) Pierre Ossman
[   22.670954] sdhci: Copyright(c) Pierre Ossman
[   22.680424] Synopsys Designware Multimedia Card Interface Driver
[   22.680424] Synopsys Designware Multimedia Card Interface Driver
[   22.693769] sdhci-pltfm: SDHCI platform and OF driver helper
[   22.693769] sdhci-pltfm: SDHCI platform and OF driver helper
[   22.706114] voltage-range #0 is invalid
[   22.706114] voltage-range #0 is invalid
[   22.722122] usb 1-1: new high-speed USB device number 2 using xhci-hcd
[   22.722122] usb 1-1: new high-speed USB device number 2 using xhci-hcd
[   22.738137] mmc0: SDHCI controller on NXP0003:00 [NXP0003:00] using ADMA 64-bit
[   22.738137] mmc0: SDHCI controller on NXP0003:00 [NXP0003:00] using ADMA 64-bit
[   22.754618] ledtrig-cpu: registered to indicate activity on CPUs
[   22.754618] ledtrig-cpu: registered to indicate activity on CPUs
[   22.767949] usb-storage 1-1:1.0: USB Mass Storage device detected
[   22.767949] usb-storage 1-1:1.0: USB Mass Storage device detected
[   22.769497] usbcore: registered new interface driver usbhid
[   22.769497] usbcore: registered new interface driver usbhid
[   22.780792] scsi host1: usb-storage 1-1:1.0
[   22.780792] scsi host1: usb-storage 1-1:1.0
[   22.791493] usbhid: USB HID core driver
[   22.791493] usbhid: USB HID core driver
[   22.814102] u32 classifier
[   22.814102] u32 classifier
[   22.819557]     input device check on
[   22.819557]     input device check on
[   22.826926]     Actions configured
[   22.826926]     Actions configured
[   22.834784] Initializing XFRM netlink socket
[   22.834784] Initializing XFRM netlink socket
[   22.843658] NET: Registered protocol family 10
[   22.843658] NET: Registered protocol family 10
[   22.854223] Segment Routing with IPv6
[   22.854223] Segment Routing with IPv6
[   22.861754] sit: IPv6, IPv4 and MPLS over IPv4 tunneling driver
[   22.861754] sit: IPv6, IPv4 and MPLS over IPv4 tunneling driver
[   22.874482] NET: Registered protocol family 17
[   22.874482] NET: Registered protocol family 17
[   22.875407] mmc0: error -110 whilst initialising SD card
[   22.875407] mmc0: error -110 whilst initialising SD card
[   22.883466] NET: Registered protocol family 15
[   22.883466] NET: Registered protocol family 15
[   22.903166] Bridge firewalling registered
[   22.903166] Bridge firewalling registered
[   22.911604] 8021q: 802.1Q VLAN Support v1.8
[   22.911604] 8021q: 802.1Q VLAN Support v1.8
[   22.920135] 9pnet: Installing 9P2000 support
[   22.920135] 9pnet: Installing 9P2000 support
[   22.928804] Key type dns_resolver registered
[   22.928804] Key type dns_resolver registered
[   22.937931] registered taskstats version 1
[   22.937931] registered taskstats version 1
[   22.946230] Loading compiled-in X.509 certificates
[   22.946230] Loading compiled-in X.509 certificates
[   22.956755] Btrfs loaded, crc32c=crc32c-generic
[   22.956755] Btrfs loaded, crc32c=crc32c-generic
[   22.970935] rtc-efi rtc-efi: setting system clock to 2012-02-06T14:45:15 UTC (1328539515)
[   22.970935] rtc-efi rtc-efi: setting system clock to 2012-02-06T14:45:15 UTC (1328539515)
[   22.988169] ALSA device list:
[   22.988169] ALSA device list:
[   22.994172]   No soundcards found.
[   22.994172]   No soundcards found.
[   23.005982] Freeing unused kernel memory: 5504K
[   23.005982] Freeing unused kernel memory: 5504K
[   23.015287] Run /init as init process
[   23.015287] Run /init as init process
[   23.047253] systemd[1]: System time before build time, advancing clock.
[   23.047253] systemd[1]: System time before build time, advancing clock.
[   23.072382] systemd[1]: systemd 237 running in system mode. (+PAM +AUDIT +SELINUX +IMA +APPARMOR +SMACK +SYSVINIT +UTMP +LIBCRYPTSETUP +GCRYPT +GNUTLS +AC)
[   23.072382] systemd[1]: systemd 237 running in system mode. (+PAM +AUDIT +SELINUX +IMA +APPARMOR +SMACK +SYSVINIT +UTMP +LIBCRYPTSETUP +GCRYPT +GNUTLS +AC)
[   23.116157] systemd[1]: Detected architecture arm64.
[   23.116157] systemd[1]: Detected architecture arm64.

Welcome to NXP LSDK 2004 main!

[   23.162250] systemd[1]: Set hostname to <localhost>.
[   23.162250] systemd[1]: Set hostname to <localhost>.
[   23.285819] systemd[1]: File /lib/systemd/system/systemd-udevd.service:35 configures an IP firewall (IPAddressDeny=any), but the local system does not sup.
[   23.285819] systemd[1]: File /lib/systemd/system/systemd-udevd.service:35 configures an IP firewall (IPAddressDeny=any), but the local system does not sup.
[   23.319628] systemd[1]: Proceeding WITHOUT firewalling in effect! (This warning is only shown for the first loaded unit using IP firewalling.)
[   23.319628] systemd[1]: Proceeding WITHOUT firewalling in effect! (This warning is only shown for the first loaded unit using IP firewalling.)
[   23.388615] systemd[1]: Configuration file /lib/systemd/system/weston.service is marked executable. Please remove executable permission bits. Proceeding a.
[   23.388615] systemd[1]: Configuration file /lib/systemd/system/weston.service is marked executable. Please remove executable permission bits. Proceeding a.
[   23.436073] systemd[1]: Configuration file /lib/systemd/system/fmc.service is marked executable. Please remove executable permission bits. Proceeding anyw.
[   23.436073] systemd[1]: Configuration file /lib/systemd/system/fmc.service is marked executable. Please remove executable permission bits. Proceeding anyw.
[   23.479212] random: systemd: uninitialized urandom read (16 bytes read)
[   23.479212] random: systemd: uninitialized urandom read (16 bytes read)
[   23.495776] systemd[1]: Created slice System Slice.
[   23.495776] systemd[1]: Created slice System Slice.
[  OK  ] Created slice System Slice.
[   23.518315] random: systemd: uninitialized urandom read (16 bytes read)
[   23.518315] random: systemd: uninitialized urandom read (16 bytes read)
[   23.532085] systemd[1]: Listening on udev Control Socket.
[   23.532085] systemd[1]: Listening on udev Control Socket.
[  OK  ] Listening on udev Control Socket.
[   23.558232] random: systemd: uninitialized urandom read (16 bytes read)
[   23.558232] random: systemd: uninitialized urandom read (16 bytes read)
[   23.571897] systemd[1]: Started Forward Password Requests to Wall Directory Watch.
[   23.571897] systemd[1]: Started Forward Password Requests to Wall Directory Watch.
[  OK  ] Started Forward Password Requests to Wall Directory Watch.
[  OK  ] Created slice system-serial\x2dgetty.slice.
[  OK  ] Listening on Journal Audit Socket.
[  OK  ] Listening on Journal Socket (/dev/log).
[  OK  ] Created slice User and Session Slice.
[  OK  ] Reached target Slices.
[  OK  ] Listening on /dev/initctl Compatibility Named Pipe.
[  OK  ] Listening on Journal Socket.
         Mounting Kernel Debug File System...
         Mounting POSIX Message Queue File System...
         Mounting Huge Pages File System...
         Starting Create Static Device Nodes in /dev...
[  OK  ] Listening on Syslog Socket.
[   23.803240] scsi 1:0:0:0: Direct-Access     SanDisk  Cruzer Blade     1.26 PQ: 0 ANSI: 6
[   23.803240] scsi 1:0:0:0: Direct-Access     SanDisk  Cruzer Blade     1.26 PQ: 0 ANSI: 6
[   23.823523] sd 1:0:0:0: [sda] 15633408 512-byte logical blocks: (8.00 GB/7.45 GiB)
[   23.823523] sd 1:0:0:0: [sda] 15633408 512-byte logical blocks: (8.00 GB/7.45 GiB)
         [Starting Journal Service...
   23.839576] sd 1:0:0:0: [sda] Write Protect is off
[   23.839576] sd 1:0:0:0: [sda] Write Protect is off
[[  OK  ] Reached target Remote File Systems.
   23.852378] sd 1:0:0:0: [sda] Write cache: disabled, read cache: enabled, doesn't support DPO or FUA
[   23.852378] sd 1:0:0:0: [sda] Write cache: disabled, read cache: enabled, doesn't support DPO or FUA
[  OK  ] Reached target Swap.
[  OK  ] Started Dispatch Password Requests to Console Directory Watch.
[  OK  ] Reached target Local Encrypted Volumes.
[   23.912275]  sda: sda1
[   23.912275]  sda: sda1
[   23.920240] sd 1:0:0:0: [sda] Attached SCSI disk
[   23.920240] sd 1:0:0:0: [sda] Attached SCSI disk
[  OK  ] Reached target Paths.
[  OK  ] Listening on udev Kernel Socket.
         Starting udev Coldplug all Devices...
         Starting Set the console keyboard layout...
         Starting Remount Root and Kernel File Systems...
[  OK  ] Mounted Kernel Debug File System.
[  OK  ] Mounted POSIX Message Queue File System.
[  OK  ] Mounted Huge Pages File System.
[  OK  ] Started Create Static Device Nodes in /dev.
[  OK  ] Started Remount Root and Kernel File Systems.
[  OK  ] Started Journal Service.
         Starting Load/Save Random Seed...
         Starting Flush Journal to Persistent Storage...
         Starting udev Kernel Device Manager...
[  OK  ] Started Load/Save Random Seed.
[   24.237499] systemd-journald[219]: Received request to flush runtime journal from PID 1
[   24.237499] systemd-journald[219]: Received request to flush runtime journal from PID 1
[  OK  ] Started udev Kernel Device Manager.
[  OK  ] Started Flush Journal to Persistent Storage.
[  OK  ] Started Set the console keyboard layout.
[  OK  ] Reached target Local File Systems (Pre).
         Mounting Boot Partition...
[  OK  ] Reached target Local File Systems.
[   24.458938] random: fast init done
[   24.458938] random: fast init done
         Starting Create Volatile Files and Directories...
         Starting Set console font and keymap...
         Starting QEMU KVM preparation - module, ksm, hugepages...
[  OK  ] Started QEMU KVM preparation - module, ksm, hugepages.
[  OK  ] Started Create Volatile Files and Directories.
[  OK  ] Started Set console font and keymap.
         Starting Network Name Resolution...
         Starting Update UTMP about System Boot/Shutdown...
         Starting Network Time Synchronization...
[  OK  ] Started Update UTMP about System Boot/Shutdown.
[  OK  ] Started Network Name Resolution.
[  OK  ] Reached target Host and Network Name Lookups.
[  OK  ] Started Network Time Synchronization.
[  OK  ] Reached target System Time Synchronized.
[FAILED] Failed to mount Boot Partition.
See 'systemctl status boot.mount' for details.
[DEPEND] Dependency failed for Unattended Upgrades Shutdown.
         Starting Load Kernel Modules...
[FAILED] Failed to start Load Kernel Modules.
See 'systemctl status systemd-modules-load.service' for details.
         Starting Apply Kernel Variables...
         Mounting FUSE Control File System...
         Mounting Kernel Configuration File System...
[  OK  ] Started Apply Kernel Variables.
[  OK  ] Mounted FUSE Control File System.
[  OK  ] Mounted Kernel Configuration File System.
         Starting Raise network interfaces...
[  OK  ] Started udev Coldplug all Devices.
[  OK  ] Reached target System Initialization.
[  OK  ] Started Daily Cleanup of Temporary Directories.
[  OK  ] Started Daily apt download activities.
         Starting Docker Socket for the API.
[  OK  ] Started Discard unused blocks once a week.
[  OK  ] Started Message of the Day.
[  OK  ] Listening on D-Bus System Message Bus Socket.
[  OK  ] Started Daily apt upgrade and clean activities.
[  OK  ] Reached target Timers.
[  OK  ] Listening on Docker Socket for the API.
[  OK  ] Reached target Sockets.
[  OK  ] Reached target Basic System.
         Starting Dispatcher daemon for systemd-networkd...
[  OK  ] Started D-Bus System Message Bus.
[  OK  ] Started Regular background program processing daemon.
         Starting Resets System Activity Data Collector...
         Starting LSB: Execute the kexec -e command to reboot system...
         Starting System Logging Service...
         Starting Login Service...
[  OK  ] Started Set the CPU Frequency Scaling governor.
[  OK  ] Started System Logging Service.
[  OK  ] Started Raise network interfaces.
[  OK  ] Started Resets System Activity Data Collector.
[  OK  ] Started Login Service.
[  OK  ] Reached target Network.
         Starting vsftpd FTP server...
         Starting Permit User Sessions...
         Starting containerd container runtime...
         Starting NXP Frame Manager Configuration tool...
         Starting OpenBSD Secure Shell server...
[  OK  ] Reached target Network is Online.
         Starting LSB: HPA's tftp server...
[  OK  ] Started strongSwan IPsec IKEv1/IKEv2 daemon using ipsec.conf.
[  OK  ] Started LSB: Execute the kexec -e command to reboot system.
[  OK  ] Started vsftpd FTP server.
[  OK  ] Started Permit User Sessions.
[  OK  ] Started containerd container runtime.
[  OK  ] Started NXP Frame Manager Configuration tool.
         Starting Docker Application Container Engine...
         Starting Set console scheme...
         Starting Weston Wayland Compositor (on tty7)...
         Starting LSB: Load kernel image with kexec...
[  OK  ] Started Set console scheme.
[  OK  ] Started Weston Wayland Compositor (on tty7).
[  OK  ] Created slice system-getty.slice.
[  OK  ] Started Getty on tty1.
[  OK  ] Started OpenBSD Secure Shell server.
[  OK  ] Started LSB: HPA's tftp server.
[  OK  ] Found device /dev/ttyS0.
[  OK  ] Started Serial Getty on ttyS0.
[  OK  ] Reached target Login Prompts.
[  OK  ] Created slice User Slice of root.
         Starting User Manager for UID 0...
[  OK  ] Started LSB: Load kernel image with kexec.
[  OK  ] Started Session 1 of user root.
[  OK  ] Started User Manager for UID 0.
[  OK  ] Started Dispatcher daemon for systemd-networkd.
         Stopping User Manager for UID 0...
[  OK  ] Stopped User Manager for UID 0.
[  OK  ] Removed slice User Slice of root.
[FAILED] Failed to start Docker Application Container Engine.
See 'systemctl status docker.service' for details.
[  OK  ] Reached target Multi-User System.
[  OK  ] Reached target Graphical Interface.
         Starting Update UTMP about System Runlevel Changes...
[  OK  ] Started Update UTMP about System Runlevel Changes.

NXP LSDK 2004 main
localhost login: root
Password:
Last login: Sun Jan 28 15:58:20 UTC 2018 on tty7
Welcome to NXP LSDK 2004 main (GNU/Linux 5.6.0-00006-g47460fc92ac6 aarch64)

 * Support:        https://www.nxp.com/lsdk
 * Documentation:  https://lsdk.github.io/document
 * Licensing:      https://lsdk.github.io/eula

The programs included with the NXP LSDK are free software, the exact distribution
terms of some programs are described in the individual files in /usr/share/doc.
NXP LSDK comes with ABSOLUTELY NO WARRANTY, to the extent permitted by applicable law.
By using this LSDK, you indicate that you accept the terms of the Agreement in
the link above and you acknowledge that you have the authority, for yourself
or on behalf of your company, to bind your company to these terms.
root@localhost:~#
root@localhost:~# dmesg
[    0.000000] Booting Linux on physical CPU 0x0000000000 [0x410fd082]
[    0.000000] Linux version 5.6.0-00006-g47460fc92ac6 (ar@AnjanaR-LP) (gcc version 7.5.0 (Linaro GCC 7.5-2019.12)) #3 SMP PREEMPT Sat May 15 10:19:13 IST 201
[    0.000000] earlycon: uart8250 at MMIO 0x00000000021c0500 (options '')
[    0.000000] printk: bootconsole [uart8250] enabled
[    0.000000] efi: Getting EFI parameters from FDT:
[    0.000000] efi: EFI v2.70 by EDK II
[    0.000000] efi:  ACPI 2.0=0xf02a0000  SMBIOS=0xfadc0000  SMBIOS 3.0=0xfada0000  MEMATTR=0xfa194018  ESRT=0xfa19cc98  MEMRESERVE=0xf02b0018
[    0.000000] esrt: Reserving ESRT space from 0x00000000fa19cc98 to 0x00000000fa19ccd0.
[    0.000000] cma: Reserved 256 MiB at 0x00000000df000000
[    0.000000] ACPI: Early table checksum verification disabled
[    0.000000] ACPI: RSDP 0x00000000F02A0000 000024 (v02 NXP   )
[    0.000000] ACPI: XSDT 0x00000000F0290000 00005C (v01 NXP    LS1046   00000000      01000013)
[    0.000000] ACPI: FACP 0x00000000F00A0000 000114 (v06 NXP    LS1046   00000000 ARMH 00010000)
[    0.000000] ACPI: DSDT 0x00000000EF900000 0052DC (v02 NXP    LS1046   00000000 INTL 20190509)
[    0.000000] ACPI: GTDT 0x00000000F0090000 000068 (v02 NXP    LS1046   00000000 ARMH 00010000)
[    0.000000] ACPI: APIC 0x00000000F0080000 000184 (v04 NXP    LS1046   00000000 ARMH 00010000)
[    0.000000] ACPI: SPCR 0x00000000F0070000 000050 (v02 NXP    LS1046   00000000 ARMH 00010000)
[    0.000000] ACPI: DBG2 0x00000000F0060000 00005C (v00 NXP    LS1046   00000000 ARMH 00010000)
[    0.000000] ACPI: IORT 0x00000000EF920000 0002EF (v00 NXP    LS1046   00000000 ARMH 00010000)
[    0.000000] ACPI: MCFG 0x00000000EF910000 00004C (v01 NXP    LS1046   00000000 ARMH 00010000)
[    0.000000] ACPI: SPCR: console: uart,mmio,0x21c0500,115200
[    0.000000] ACPI: NUMA: Failed to initialise from firmware
[    0.000000] NUMA: Faking a node at [mem 0x0000000080000000-0x00000008ffffffff]
[    0.000000] NUMA: NODE_DATA [mem 0x8d7a0d100-0x8d7a0efff]
[    0.000000] Zone ranges:
[    0.000000]   DMA      [mem 0x0000000080000000-0x00000000bfffffff]
[    0.000000]   DMA32    [mem 0x00000000c0000000-0x00000000ffffffff]
[    0.000000]   Normal   [mem 0x0000000100000000-0x00000008ffffffff]
[    0.000000] Movable zone start for each node
[    0.000000] Early memory node ranges
[    0.000000]   node   0: [mem 0x0000000080000000-0x00000000ef11ffff]
[    0.000000]   node   0: [mem 0x00000000ef120000-0x00000000ef19ffff]
[    0.000000]   node   0: [mem 0x00000000ef1a0000-0x00000000ef1a1fff]
[    0.000000]   node   0: [mem 0x00000000ef1a2000-0x00000000ef364fff]
[    0.000000]   node   0: [mem 0x00000000ef365000-0x00000000efb8ffff]
[    0.000000]   node   0: [mem 0x00000000efb90000-0x00000000f005ffff]
[    0.000000]   node   0: [mem 0x00000000f0060000-0x00000000f00affff]
[    0.000000]   node   0: [mem 0x00000000f00b0000-0x00000000f028ffff]
[    0.000000]   node   0: [mem 0x00000000f0290000-0x00000000fad8ffff]
[    0.000000]   node   0: [mem 0x00000000fad90000-0x00000000faddffff]
[    0.000000]   node   0: [mem 0x00000000fade0000-0x00000000fbdfffff]
[    0.000000]   node   0: [mem 0x0000000880000000-0x00000008ffffffff]
[    0.000000] Zeroed struct page in unavailable ranges: 414 pages
[    0.000000] Initmem setup node 0 [mem 0x0000000080000000-0x00000008ffffffff]
[    0.000000] On node 0 totalpages: 1031680
[    0.000000]   DMA zone: 4096 pages used for memmap
[    0.000000]   DMA zone: 0 pages reserved
[    0.000000]   DMA zone: 262144 pages, LIFO batch:63
[    0.000000]   DMA32 zone: 3832 pages used for memmap
[    0.000000]   DMA32 zone: 245248 pages, LIFO batch:63
[    0.000000]   Normal zone: 8192 pages used for memmap
[    0.000000]   Normal zone: 524288 pages, LIFO batch:63
[    0.000000] psci: probing for conduit method from ACPI.
[    0.000000] psci: PSCIv1.1 detected in firmware.
[    0.000000] psci: Using standard PSCI v0.2 function IDs
[    0.000000] psci: MIGRATE_INFO_TYPE not supported.
[    0.000000] psci: SMC Calling Convention v1.0
[    0.000000] ACPI: SRAT not present
[    0.000000] percpu: Embedded 23 pages/cpu s53848 r8192 d32168 u94208
[    0.000000] pcpu-alloc: s53848 r8192 d32168 u94208 alloc=23*4096
[    0.000000] pcpu-alloc: [0] 0 [0] 1 [0] 2 [0] 3
[    0.000000] Detected PIPT I-cache on CPU0
[    0.000000] CPU features: detected: EL2 vector hardening
[    0.000000] CPU features: kernel page table isolation forced ON by KASLR
[    0.000000] CPU features: detected: Kernel page table isolation (KPTI)
[    0.000000] ARM_SMCCC_ARCH_WORKAROUND_1 missing from firmware
[    0.000000] CPU features: detected: ARM erratum 1319367
[    0.000000] Built 1 zonelists, mobility grouping on.  Total pages: 1015560
[    0.000000] Policy zone: Normal
[    0.000000] Kernel command line: Linux_Kernel_Image acpi=force initrd=rootfs_lsdk2004_ubuntu_main_arm64.cpio.gz earlycon=uart8250,mmio,0x21c0500 console=t0
[    0.000000] Dentry cache hash table entries: 524288 (order: 10, 4194304 bytes, linear)
[    0.000000] Inode-cache hash table entries: 262144 (order: 9, 2097152 bytes, linear)
[    0.000000] mem auto-init: stack:off, heap alloc:off, heap free:off
[    0.000000] software IO TLB: mapped [mem 0xbbfff000-0xbffff000] (64MB)
[    0.000000] Memory: 3024156K/4126720K available (15164K kernel code, 2044K rwdata, 7616K rodata, 5504K init, 441K bss, 840420K reserved, 262144K cma-reser)
[    0.000000] rcu: Preemptible hierarchical RCU implementation.
[    0.000000] rcu:     RCU event tracing is enabled.
[    0.000000] rcu:     RCU restricting CPUs from NR_CPUS=16 to nr_cpu_ids=4.
[    0.000000]  Tasks RCU enabled.
[    0.000000] rcu: RCU calculated value of scheduler-enlistment delay is 25 jiffies.
[    0.000000] rcu: Adjusting geometry for rcu_fanout_leaf=16, nr_cpu_ids=4
[    0.000000] NR_IRQS: 64, nr_irqs: 64, preallocated irqs: 0
[    0.000000] GIC: Using split EOI/Deactivate mode
[    0.000000] random: get_random_bytes called from start_kernel+0x2a8/0x444 with crng_init=0
[    0.000000] arch_timer: cp15 timer(s) running at 25.00MHz (phys).
[    0.000000] clocksource: arch_sys_counter: mask: 0xffffffffffffff max_cycles: 0x5c40939b5, max_idle_ns: 440795202646 ns
[    0.000002] sched_clock: 56 bits at 25MHz, resolution 40ns, wraps every 4398046511100ns
[    0.008194] Console: colour dummy device 80x25
[    0.012671] ACPI: Core revision 20200110
[    0.016706] Calibrating delay loop (skipped), value calculated using timer frequency.. 50.00 BogoMIPS (lpj=100000)
[    0.027063] pid_max: default: 32768 minimum: 301
[    0.031734] LSM: Security Framework initializing
[    0.036420] Mount-cache hash table entries: 8192 (order: 4, 65536 bytes, linear)
[    0.043837] Mountpoint-cache hash table entries: 8192 (order: 4, 65536 bytes, linear)
[    0.052123] ACPI PPTT: No PPTT table found, CPU and cache topology may be inaccurate
[    0.091908] rcu: Hierarchical SRCU implementation.
[    0.104740] Remapping and enabling EFI services.
[    0.117368] smp: Bringing up secondary CPUs ...
[    0.154053] Detected PIPT I-cache on CPU1
[    0.154077] CPU1: Booted secondary processor 0x0000000001 [0x410fd082]
[    0.186067] Detected PIPT I-cache on CPU2
[    0.186083] CPU2: Booted secondary processor 0x0000000002 [0x410fd082]
[    0.218098] Detected PIPT I-cache on CPU3
[    0.218113] CPU3: Booted secondary processor 0x0000000003 [0x410fd082]
[    0.218145] smp: Brought up 1 node, 4 CPUs
[    0.253832] SMP: Total of 4 processors activated.
[    0.258535] CPU features: detected: 32-bit EL0 Support
[    0.263679] CPU features: detected: CRC32 instructions
[    0.277921] CPU: All CPU(s) started at EL2
[    0.282023] alternatives: patching kernel code
[    0.287046] devtmpfs: initialized
[    0.290717] KASLR enabled
[    0.293478] clocksource: jiffies: mask: 0xffffffff max_cycles: 0xffffffff, max_idle_ns: 7645041785100000 ns
[    0.303229] futex hash table entries: 1024 (order: 4, 65536 bytes, linear)
[    0.312683] xor: measuring software checksum speed
[    0.357509]    8regs     :  6782.000 MB/sec
[    0.401707]    32regs    :  6828.000 MB/sec
[    0.445906]    arm64_neon:  6694.000 MB/sec
[    0.450085] xor: using function: 32regs (6828.000 MB/sec)
[    0.455485] pinctrl core: initialized pinctrl subsystem
[    0.461088] thermal_sys: Registered thermal governor 'step_wise'
[    0.461090] thermal_sys: Registered thermal governor 'power_allocator'
[    0.467153] SMBIOS 3.3.0 present.
[    0.476991] DMI: NXP    LS1046FRWY, BIOS EDK 2 Feb 21 2022
[    0.482787] NET: Registered protocol family 16
[    0.487846] DMA: preallocated 256 KiB pool for atomic allocations
[    0.493946] audit: initializing netlink subsys (disabled)
[    0.499419] audit: type=2000 audit(0.428:1): state=initialized audit_enabled=0 res=1
[    0.507176] cpuidle: using governor menu
[    0.511204] hw-breakpoint: found 6 breakpoint and 4 watchpoint registers.
[    0.518026] ASID allocator initialised with 32768 entries
[    0.523623] ACPI: bus type PCI registered
[    0.527631] acpiphp: ACPI Hot Plug PCI Controller Driver version: 0.5
[    0.534206] Serial: AMBA PL011 UART driver
[    0.542384] HugeTLB registered 1.00 GiB page size, pre-allocated 0 pages
[    0.549090] HugeTLB registered 32.0 MiB page size, pre-allocated 0 pages
[    0.555792] HugeTLB registered 2.00 MiB page size, pre-allocated 0 pages
[    0.562493] HugeTLB registered 64.0 KiB page size, pre-allocated 0 pages
[    0.570721] cryptd: max_cpu_qlen set to 1000
[    0.643035] raid6: neonx8   gen()  4754 MB/s
[    0.715342] raid6: neonx8   xor()  3306 MB/s
[    0.787645] raid6: neonx4   gen()  4642 MB/s
[    0.859952] raid6: neonx4   xor()  3382 MB/s
[    0.932273] raid6: neonx2   gen()  4062 MB/s
[    1.004578] raid6: neonx2   xor()  3221 MB/s
[    1.076887] raid6: neonx1   gen()  3137 MB/s
[    1.149194] raid6: neonx1   xor()  2539 MB/s
[    1.221498] raid6: int64x8  gen()  2380 MB/s
[    1.293806] raid6: int64x8  xor()  1425 MB/s
[    1.366117] raid6: int64x4  gen()  2785 MB/s
[    1.438419] raid6: int64x4  xor()  1547 MB/s
[    1.510725] raid6: int64x2  gen()  2467 MB/s
[    1.583025] raid6: int64x2  xor()  1350 MB/s
[    1.655329] raid6: int64x1  gen()  1940 MB/s
[    1.727632] raid6: int64x1  xor()  1020 MB/s
[    1.731898] raid6: using algorithm neonx8 gen() 4754 MB/s
[    1.737293] raid6: .... xor() 3306 MB/s, rmw enabled
[    1.742255] raid6: using neon recovery algorithm
[    1.747019] ACPI: Added _OSI(Module Device)
[    1.751202] ACPI: Added _OSI(Processor Device)
[    1.755643] ACPI: Added _OSI(3.0 _SCP Extensions)
[    1.760344] ACPI: Added _OSI(Processor Aggregator Device)
[    1.765741] ACPI: Added _OSI(Linux-Dell-Video)
[    1.770183] ACPI: Added _OSI(Linux-Lenovo-NV-HDMI-Audio)
[    1.775493] ACPI: Added _OSI(Linux-HPI-Hybrid-Graphics)
[    1.786323] ACPI: 1 ACPI AML tables successfully acquired and loaded
[    1.804103] ACPI: Interpreter enabled
[    1.807764] ACPI: Using GIC for interrupt routing
[    1.812487] ACPI: MCFG table detected, 2 entries
[    1.828328] ACPI: Power Resource [FN1L] (off)
[    1.832768] ACPI: Power Resource [FN1H] (off)
[    1.837203] ACPI: Power Resource [FN2L] (off)
[    1.841640] ACPI: Power Resource [FN2H] (off)
[    1.846074] ACPI: Power Resource [FN3L] (off)
[    1.850510] ACPI: Power Resource [FN3H] (off)
[    1.854944] ACPI: Power Resource [FN4L] (off)
[    1.859379] ACPI: Power Resource [FN4H] (off)
[    1.863812] ACPI: Power Resource [FN5L] (off)
[    1.868248] ACPI: Power Resource [FN5H] (off)
[    1.874365] ACPI: PCI Root Bridge [PCI1] (domain 0001 [bus 01-ff])
[    1.880555] acpi PNP0A08:01: _OSC: OS supports [ExtendedConfig ASPM ClockPM Segments MSI HPX-Type3]
[    1.889858] acpi PNP0A08:01: _OSC: OS requested [PME AER PCIeCapability LTR]
[    1.896911] acpi PNP0A08:01: _OSC: platform willing to grant [PME AER PCIeCapability LTR]
[    1.905091] acpi PNP0A08:01: _OSC failed (AE_SUPPORT); disabling ASPM
[    1.911689] acpi PNP0A08:01: ECAM area [mem 0x4800100000-0x480fffffff] reserved by PNP0C02:00
[    1.923744] acpi PNP0A08:01: ECAM at [mem 0x4800100000-0x480fffffff] for [bus 01-ff]
[    1.931523] Remapped I/O 0x0000004810000000 to [io  0x0000-0xffff window]
[    1.938376] PCI host bridge to bus 0001:01
[    1.942474] pci_bus 0001:01: root bus resource [mem 0x4840000000-0x48ffffffff window] (bus address [0x40000000-0xffffffff])
[    1.953616] pci_bus 0001:01: root bus resource [mem 0x4c00000000-0x4fffffffff window]
[    1.961448] pci_bus 0001:01: root bus resource [io  0x0000-0xffff window]
[    1.968238] pci_bus 0001:01: root bus resource [bus 01-ff]
[    1.977030] pci_bus 0001:01: resource 4 [mem 0x4840000000-0x48ffffffff window]
[    1.984254] pci_bus 0001:01: resource 5 [mem 0x4c00000000-0x4fffffffff window]
[    1.991477] pci_bus 0001:01: resource 6 [io  0x0000-0xffff window]
[    1.997799] ACPI: PCI Root Bridge [PCI2] (domain 0002 [bus 01-ff])
[    2.003986] acpi PNP0A08:02: _OSC: OS supports [ExtendedConfig ASPM ClockPM Segments MSI HPX-Type3]
[    2.013282] acpi PNP0A08:02: _OSC: OS requested [PME AER PCIeCapability LTR]
[    2.020355] acpi PNP0A08:02: _OSC: platform willing to grant [PME AER PCIeCapability LTR]
[    2.028535] acpi PNP0A08:02: _OSC failed (AE_SUPPORT); disabling ASPM
[    2.035129] acpi PNP0A08:02: ECAM area [mem 0x5000100000-0x500fffffff] reserved by PNP0C02:00
[    2.047189] acpi PNP0A08:02: ECAM at [mem 0x5000100000-0x500fffffff] for [bus 01-ff]
[    2.054963] Remapped I/O 0x0000005010000000 to [io  0x10000-0x1ffff window]
[    2.061983] PCI host bridge to bus 0002:01
[    2.066081] pci_bus 0002:01: root bus resource [mem 0x5040000000-0x507fffffff window] (bus address [0x40000000-0x7fffffff])
[    2.077217] pci_bus 0002:01: root bus resource [mem 0x5400000000-0x57ffffffff window]
[    2.085049] pci_bus 0002:01: root bus resource [io  0x10000-0x1ffff window] (bus address [0x0000-0xffff])
[    2.094620] pci_bus 0002:01: root bus resource [bus 01-ff]
[    2.100129] pci 0002:01:00.0: [168c:003e] type 00 class 0x028000
[    2.106171] pci 0002:01:00.0: reg 0x10: [mem 0x5046000000-0x50461fffff 64bit]
[    2.113427] pci 0002:01:00.0: PME# supported from D0 D3hot D3cold
[    2.119699] pci 0002:01:00.0: BAR 0: assigned [mem 0x5400000000-0x54001fffff 64bit]
[    2.127370] pci_bus 0002:01: resource 4 [mem 0x5040000000-0x507fffffff window]
[    2.134594] pci_bus 0002:01: resource 5 [mem 0x5400000000-0x57ffffffff window]
[    2.141817] pci_bus 0002:01: resource 6 [io  0x10000-0x1ffff window]
[    2.154099] iommu: Default domain type: Passthrough
[    2.159160] vgaarb: loaded
[    2.162007] SCSI subsystem initialized
[    2.165825] libata version 3.00 loaded.
[    2.165885] ACPI: bus type USB registered
[    2.169936] usbcore: registered new interface driver usbfs
[    2.175439] usbcore: registered new interface driver hub
[    2.180776] usbcore: registered new device driver usb
[    2.186425] i2c i2c-0: IMX I2C adapter registered
[    2.191475] i2c i2c-1: IMX I2C adapter registered
[    2.196517] i2c i2c-2: IMX I2C adapter registered
[    2.201608] i2c i2c-3: IMX I2C adapter registered
[    2.206436] pps_core: LinuxPPS API ver. 1 registered
[    2.211408] pps_core: Software ver. 5.3.6 - Copyright 2005-2007 Rodolfo Giometti <giometti@linux.it>
[    2.220555] PTP clock support registered
[    2.224510] EDAC MC: Ver: 3.0.0
[    2.227806] Registered efivars operations
[    2.232188] FPGA manager framework
[    2.235619] Advanced Linux Sound Architecture Driver Initialized.
[    2.242059] clocksource: Switched to clocksource arch_sys_counter
[    2.248265] VFS: Disk quotas dquot_6.6.0
[    2.252218] VFS: Dquot-cache hash table entries: 512 (order 0, 4096 bytes)
[    2.259184] pnp: PnP ACPI init
[    2.262364] system 00:00: [mem 0x03400000-0x034fffff] has been reserved
[    2.268990] system 00:00: Plug and Play ACPI device, IDs NXP0016 PNP0c02 (active)
[    2.269050] system 00:01: [mem 0x03500000-0x035fffff] has been reserved
[    2.275674] system 00:01: Plug and Play ACPI device, IDs NXP0016 PNP0c02 (active)
[    2.275732] system 00:02: [mem 0x03600000-0x036fffff] has been reserved
[    2.282357] system 00:02: Plug and Play ACPI device, IDs NXP0016 PNP0c02 (active)
[    2.282414] system 00:03: [mem 0x4000000000-0x400fffffff] has been reserved
[    2.289383] system 00:03: [mem 0x4800000000-0x480fffffff] could not be reserved
[    2.296697] system 00:03: [mem 0x5000000000-0x500fffffff] could not be reserved
[    2.304013] system 00:03: Plug and Play ACPI device, IDs PNP0c02 (active)
[    2.304308] pnp: PnP ACPI: found 4 devices
[    2.311271] NET: Registered protocol family 2
[    2.315843] tcp_listen_portaddr_hash hash table entries: 2048 (order: 3, 32768 bytes, linear)
[    2.324404] TCP established hash table entries: 32768 (order: 6, 262144 bytes, linear)
[    2.332458] TCP bind hash table entries: 32768 (order: 7, 524288 bytes, linear)
[    2.340026] TCP: Hash tables configured (established 32768 bind 32768)
[    2.346602] UDP hash table entries: 2048 (order: 4, 65536 bytes, linear)
[    2.353355] UDP-Lite hash table entries: 2048 (order: 4, 65536 bytes, linear)
[    2.360594] NET: Registered protocol family 1
[    2.365145] RPC: Registered named UNIX socket transport module.
[    2.371075] RPC: Registered udp transport module.
[    2.375778] RPC: Registered tcp transport module.
[    2.380480] RPC: Registered tcp NFSv4.1 backchannel transport module.
[    2.386931] PCI: CLS 0 bytes, default 64
[    2.390919] Trying to unpack rootfs image as initramfs...
[   19.206844] Freeing initrd memory: 653372K
[   19.211203] hw perfevents: enabled with armv8_pmuv3_0 PMU driver, 7 counters available
[   19.219140] kvm [1]: IPA Size Limit: 44bits
[   19.223741] kvm [1]: vgic interrupt IRQ1
[   19.227733] kvm [1]: Hyp mode initialized successfully
[   19.264286] Initialise system trusted keyrings
[   19.268791] workingset: timestamp_bits=44 max_order=20 bucket_order=0
[   19.275505] squashfs: version 4.0 (2009/01/31) Phillip Lougher
[   19.281491] NFS: Registering the id_resolver key type
[   19.286550] Key type id_resolver registered
[   19.290731] Key type id_legacy registered
[   19.294741] nfs4filelayout_init: NFSv4 File Layout Driver Registering...
[   19.301501] fuse: init (API version 7.31)
[   19.305589] 9p: Installing v9fs 9p2000 file system support
[   19.320752] Key type asymmetric registered
[   19.324851] Asymmetric key parser 'x509' registered
[   19.329742] Block layer SCSI generic (bsg) driver version 0.4 loaded (major 245)
[   19.337194] io scheduler mq-deadline registered
[   19.341727] io scheduler kyber registered
[   19.356599] thermal LNXTHERM:00: registered as thermal_zone0
[   19.362265] ACPI: Thermal Zone [THM0] (57 C)
[   19.366964] thermal LNXTHERM:01: registered as thermal_zone1
[   19.372629] ACPI: Thermal Zone [THM1] (56 C)
[   19.377344] thermal LNXTHERM:02: registered as thermal_zone2
[   19.383006] ACPI: Thermal Zone [THM2] (57 C)
[   19.388005] thermal LNXTHERM:03: registered as thermal_zone3
[   19.393729] ACPI: Thermal Zone [THM3] (58 C)
[   19.400015] thermal LNXTHERM:04: registered as thermal_zone4
[   19.405740] ACPI: Thermal Zone [THM4] (56 C)
[   19.434196] thermal LNXTHERM:05: registered as thermal_zone5
[   19.439917] ACPI: Thermal Zone [THM5] (56 C)
[   19.444598] EINJ: EINJ table not found.
[   19.457132] bman_ccsr NXP0021:00: QBman : dev [1] index [0] mem-base [e0000000] size [1000000]
[   19.469715] qman_ccsr NXP0028:00: QBman : dev [0] index [0] mem-base [e1000000] size [800000]
[   19.478363] qman_ccsr NXP0028:00: QBman : dev [0] index [1] mem-base [e2000000] size [2000000]
[   19.504500] bman_portal NXP0023:00: Portal initialised, cpu 0
[   19.510553] bman_portal NXP0023:01: Portal initialised, cpu 1
[   19.516587] bman_portal NXP0023:02: Portal initialised, cpu 2
[   19.522623] bman_portal NXP0023:03: Portal initialised, cpu 3
[   19.529799] qman_portal NXP0022:00: Portal initialised, cpu 0
[   19.535860] qman_portal NXP0022:01: Portal initialised, cpu 1
[   19.541916] qman_portal NXP0022:02: Portal initialised, cpu 2
[   19.548459] qman_portal NXP0022:03: Portal initialised, cpu 3
[   19.565278] Serial: 8250/16550 driver, 4 ports, IRQ sharing enabled
[   19.574488] printk: console [ttyS0] disabled
[   19.578870] NXP0018:00: ttyS0 at MMIO 0x21c0500 (irq = 6, base_baud = 18750000) is a 16550A
[   21.306538] printk: console [ttyS0] enabled
[   21.316725] NXP0018:01: ttyS1 at MMIO 0x21d0600 (irq = 7, base_baud = 18750000) is a 16550A
[   21.335714] SuperH (H)SCI(F) driver initialized
[   21.345383] msm_serial: driver initialized
[   21.354724] arm-smmu arm-smmu.0.auto: probing hardware configuration...
[   21.368063] arm-smmu arm-smmu.0.auto: SMMUv2 with:
[   21.377692] arm-smmu arm-smmu.0.auto:        stage 1 translation
[   21.388743] arm-smmu arm-smmu.0.auto:        stage 2 translation
[   21.399778] arm-smmu arm-smmu.0.auto:        nested translation
[   21.410651] arm-smmu arm-smmu.0.auto:        coherent table walk
[   21.421693] arm-smmu arm-smmu.0.auto:        stream matching with 64 register groups
[   21.436251] arm-smmu arm-smmu.0.auto:        32 context banks (0 stage-2 only)
[   21.449748] arm-smmu arm-smmu.0.auto:        Supported page sizes: 0x61311000
[   21.463086] arm-smmu arm-smmu.0.auto:        Stage-1: 48-bit VA -> 48-bit IPA
[   21.476405] arm-smmu arm-smmu.0.auto:        Stage-2: 48-bit IPA -> 48-bit PA
[   21.490760] cacheinfo: Unable to detect cache hierarchy for CPU 0
[   21.515168] brd: module loaded
[   21.532975] loop: module loaded
[   21.541355] ahci NXP0004:00: Adding to iommu group 0
[   21.551583] ahci NXP0004:00: NXP0004:00 supply ahci not found, using dummy regulator
[   21.567270] ahci NXP0004:00: NXP0004:00 supply phy not found, using dummy regulator
[   21.582780] ahci NXP0004:00: NXP0004:00 supply target not found, using dummy regulator
[   21.598866] ahci NXP0004:00: AHCI 0001.0301 32 slots 1 ports 6 Gbps 0x1 impl platform mode
[   21.615513] ahci NXP0004:00: flags: 64bit ncq sntf pm clo only pmp fbs pio slum part ccc sds apst
[   21.634700] scsi host0: ahci
[   21.640849] ata1: SATA max UDMA/133 mmio [mem 0x03200000-0x0320ffff] port 0x100 irq 17
[   21.660771] spi-nor spi-PRP0001:02: found mt25qu512a, expected s25fs512s
[   21.674498] spi-nor spi-PRP0001:02: mt25qu512a (65536 Kbytes)
[   21.703357] libphy: Fixed MDIO Bus: probed
[   21.713074] tun: Universal TUN/TAP device driver, 1.6
[   21.724206] thunder_xcv, ver 1.0
[   21.730790] thunder_bgx, ver 1.0
[   21.737357] nicpf, ver 1.0
[   21.743757] libphy: Freescale XGMAC MDIO Bus: probed
[   21.771775] libphy: Freescale XGMAC MDIO Bus: probed
[   21.786680] libphy: Freescale XGMAC MDIO Bus: probed
[   21.801536] libphy: Freescale XGMAC MDIO Bus: probed
[   21.816446] libphy: Freescale XGMAC MDIO Bus: probed
[   21.845220] fsl_dpaa_mac NXP0025:00: FMan MEMAC
[   21.854357] fsl_dpaa_mac NXP0025:00: FMan MAC address: 00:04:9f:06:2d:72
[   21.868847] fsl_dpaa_mac NXP0025:01: FMan MEMAC
[   21.877984] fsl_dpaa_mac NXP0025:01: FMan MAC address: 00:04:9f:06:2d:73
[   21.892410] fsl_dpaa_mac NXP0025:02: FMan MEMAC
[   21.901543] fsl_dpaa_mac NXP0025:02: FMan MAC address: 00:04:9f:06:2d:74
[   21.915975] fsl_dpaa_mac NXP0025:03: FMan MEMAC
[   21.925108] fsl_dpaa_mac NXP0025:03: FMan MAC address: 00:04:9f:06:2d:75
[   21.945505] fsl_dpa dpaa-ethernet.0 eth0: Probed interface eth0 type 16
[   21.965028] fsl_dpa dpaa-ethernet.1 eth1: Probed interface eth1 type 16
[   21.968734] ata1: SATA link down (SStatus 0 SControl 300)
[   21.984545] fsl_dpa dpaa-ethernet.2 eth2: Probed interface eth2 type 16
[   22.008704] fsl_dpa dpaa-ethernet.3 eth3: Probed interface eth3 type 16
[   22.022877] hclge is initializing
[   22.029801] hns3: Hisilicon Ethernet Network Driver for Hip08 Family - version
[   22.044361] hns3: Copyright (c) 2017 Huawei Corporation.
[   22.055158] e1000e: Intel(R) PRO/1000 Network Driver - 3.2.6-k
[   22.066907] e1000e: Copyright(c) 1999 - 2015 Intel Corporation.
[   22.078892] igb: Intel(R) Gigabit Ethernet Network Driver - version 5.6.0-k
[   22.092922] igb: Copyright (c) 2007-2014 Intel Corporation.
[   22.104217] igbvf: Intel(R) Gigabit Virtual Function Network Driver - version 2.4.0-k
[   22.120132] igbvf: Copyright (c) 2009 - 2012 Intel Corporation.
[   22.132556] sky2: driver version 1.30
[   22.140799] usbcore: registered new interface driver r8152
[   22.151906] usbcore: registered new interface driver asix
[   22.162834] usbcore: registered new interface driver ax88179_178a
[   22.175937] VFIO - User Level meta-driver version: 0.3
[   22.186853] dwc3 808622B7:00: Adding to iommu group 1
[   22.198087] dwc3 808622B7:01: Adding to iommu group 2
[   22.210467] ehci_hcd: USB 2.0 'Enhanced' Host Controller (EHCI) Driver
[   22.223616] ehci-pci: EHCI PCI platform driver
[   22.232632] ehci-platform: EHCI generic platform driver
[   22.243330] ehci-orion: EHCI orion driver
[   22.251541] ehci-exynos: EHCI Exynos driver
[   22.260109] ohci_hcd: USB 1.1 'Open' Host Controller (OHCI) Driver
[   22.272579] ohci-pci: OHCI PCI platform driver
[   22.281585] ohci-platform: OHCI generic platform driver
[   22.292248] ohci-exynos: OHCI Exynos driver
[   22.301111] xhci-hcd xhci-hcd.1.auto: xHCI Host Controller
